Archive member included to satisfy reference by file (symbol)

app/libapp.a(main.c.obj)      (--whole-archive)
zephyr/libzephyr.a(soc_nrf_common.S.obj)
                              (--whole-archive)
zephyr/libzephyr.a(bitarray.c.obj)
                              (--whole-archive)
zephyr/libzephyr.a(cbprintf.c.obj)
                              (--whole-archive)
zephyr/libzephyr.a(cbprintf_complete.c.obj)
                              (--whole-archive)
zephyr/libzephyr.a(cbprintf_packaged.c.obj)
                              (--whole-archive)
zephyr/libzephyr.a(configs.c.obj)
                              (--whole-archive)
zephyr/libzephyr.a(constraint.c.obj)
                              (--whole-archive)
zephyr/libzephyr.a(crc16_sw.c.obj)
                              (--whole-archive)
zephyr/libzephyr.a(crc32_sw.c.obj)
                              (--whole-archive)
zephyr/libzephyr.a(crc32c_sw.c.obj)
                              (--whole-archive)
zephyr/libzephyr.a(crc7_sw.c.obj)
                              (--whole-archive)
zephyr/libzephyr.a(crc8_sw.c.obj)
                              (--whole-archive)
zephyr/libzephyr.a(dec.c.obj)
                              (--whole-archive)
zephyr/libzephyr.a(device_service.c.obj)
                              (--whole-archive)
zephyr/libzephyr.a(devmem_service.c.obj)
                              (--whole-archive)
zephyr/libzephyr.a(fdtable.c.obj)
                              (--whole-archive)
zephyr/libzephyr.a(fnmatch.c.obj)
                              (--whole-archive)
zephyr/libzephyr.a(heap-validate.c.obj)
                              (--whole-archive)
zephyr/libzephyr.a(heap.c.obj)
                              (--whole-archive)
zephyr/libzephyr.a(hex.c.obj)
                              (--whole-archive)
zephyr/libzephyr.a(kernel_service.c.obj)
                              (--whole-archive)
zephyr/libzephyr.a(multi_heap.c.obj)
                              (--whole-archive)
zephyr/libzephyr.a(notify.c.obj)
                              (--whole-archive)
zephyr/libzephyr.a(nrf_cc3xx_platform_abort_zephyr.c.obj)
                              (--whole-archive)
zephyr/libzephyr.a(nrf_cc3xx_platform_mutex_zephyr.c.obj)
                              (--whole-archive)
zephyr/libzephyr.a(onoff.c.obj)
                              (--whole-archive)
zephyr/libzephyr.a(pm.c.obj)  (--whole-archive)
zephyr/libzephyr.a(printk.c.obj)
                              (--whole-archive)
zephyr/libzephyr.a(rb.c.obj)  (--whole-archive)
zephyr/libzephyr.a(reboot.c.obj)
                              (--whole-archive)
zephyr/libzephyr.a(residency.c.obj)
                              (--whole-archive)
zephyr/libzephyr.a(ring_buffer.c.obj)
                              (--whole-archive)
zephyr/libzephyr.a(sem.c.obj)
                              (--whole-archive)
zephyr/libzephyr.a(shell.c.obj)
                              (--whole-archive)
zephyr/libzephyr.a(shell_cmds.c.obj)
                              (--whole-archive)
zephyr/libzephyr.a(shell_fprintf.c.obj)
                              (--whole-archive)
zephyr/libzephyr.a(shell_help.c.obj)
                              (--whole-archive)
zephyr/libzephyr.a(shell_history.c.obj)
                              (--whole-archive)
zephyr/libzephyr.a(shell_ops.c.obj)
                              (--whole-archive)
zephyr/libzephyr.a(shell_uart.c.obj)
                              (--whole-archive)
zephyr/libzephyr.a(shell_utils.c.obj)
                              (--whole-archive)
zephyr/libzephyr.a(shell_wildcard.c.obj)
                              (--whole-archive)
zephyr/libzephyr.a(thread_entry.c.obj)
                              (--whole-archive)
zephyr/libzephyr.a(timeutil.c.obj)
                              (--whole-archive)
zephyr/libzephyr.a(tracing_none.c.obj)
                              (--whole-archive)
zephyr/libzephyr.a(validate_base_addresses.c.obj)
                              (--whole-archive)
zephyr/libzephyr.a(validate_enabled_instances.c.obj)
                              (--whole-archive)
zephyr/arch/common/libarch__common.a(sw_isr_common.c.obj)
                              (--whole-archive)
zephyr/arch/arch/arm/core/aarch32/libarch__arm__core__aarch32.a(cpu_idle.S.obj)
                              (--whole-archive)
zephyr/arch/arch/arm/core/aarch32/libarch__arm__core__aarch32.a(isr_wrapper.S.obj)
                              (--whole-archive)
zephyr/arch/arch/arm/core/aarch32/libarch__arm__core__aarch32.a(nmi_on_reset.S.obj)
                              (--whole-archive)
zephyr/arch/arch/arm/core/aarch32/libarch__arm__core__aarch32.a(swap_helper.S.obj)
                              (--whole-archive)
zephyr/arch/arch/arm/core/aarch32/libarch__arm__core__aarch32.a(fatal.c.obj)
                              (--whole-archive)
zephyr/arch/arch/arm/core/aarch32/libarch__arm__core__aarch32.a(irq_manage.c.obj)
                              (--whole-archive)
[...]
Memory Configuration

Name             Origin             Length             Attributes
FLASH            0x00000000         0x00100000         xr
SRAM             0x20000000         0x00040000         xw
IDT_LIST         0xfffff7ff         0x00000800         xw
*default*        0x00000000         0xffffffff

Linker script and memory map

LOAD zephyr/CMakeFiles/zephyr_final.dir/dev_handles.c.obj
LOAD zephyr/CMakeFiles/zephyr_final.dir/misc/empty_file.c.obj
LOAD zephyr/CMakeFiles/zephyr_final.dir/isr_tables.c.obj
                0x00000020                _region_min_align = 0x20

.rel.plt        0x00000000        0x0
 *(SORT_BY_ALIGNMENT(.rel.plt))
                [!provide]                PROVIDE (__rel_iplt_start = .)
 *(SORT_BY_ALIGNMENT(.rel.iplt))
 .rel.iplt      0x00000000        0x0 zephyr/CMakeFiles/zephyr_final.dir/dev_handles.c.obj
                [!provide]                PROVIDE (__rel_iplt_end = .)

.rela.plt       0x00000000        0x0
 *(SORT_BY_ALIGNMENT(.rela.plt))
                [!provide]                PROVIDE (__rela_iplt_start = .)
 *(SORT_BY_ALIGNMENT(.rela.iplt))
                [!provide]                PROVIDE (__rela_iplt_end = .)

.rel.dyn
 *(SORT_BY_ALIGNMENT(.rel.*))

.rela.dyn
 *(SORT_BY_ALIGNMENT(.rela.*))

/DISCARD/
 *(SORT_BY_ALIGNMENT(.plt))
 *(SORT_BY_ALIGNMENT(.iplt))
 *(SORT_BY_ALIGNMENT(.got.plt))
 *(SORT_BY_ALIGNMENT(.igot.plt))
 *(SORT_BY_ALIGNMENT(.got))
 *(SORT_BY_ALIGNMENT(.igot))
 *(SORT_BY_ALIGNMENT(.irq_info*))
 *(SORT_BY_ALIGNMENT(.intList*))
 *(SORT_BY_ALIGNMENT(.note.GNU-stack))
                0x00000000                __rom_region_start = 0x0

rom_start       0x00000000      0x100
                0x00000000                . = 0x0
                0x00000000                . = ALIGN (0x4)
                0x00000000                . = ALIGN (0x80)
                0x00000000                . = ALIGN (0x100)
                0x00000000                _vector_start = .
 *(SORT_BY_ALIGNMENT(.exc_vector_table))
 *(SORT_BY_ALIGNMENT(.exc_vector_table.*))
 .exc_vector_table._vector_table_section
                0x00000000       0x40 zephyr/arch/arch/arm/core/aarch32/cortex_m/libarch__arm__core__aarch32__cortex_m.a(vector_table.S.obj)
                0x00000000                _vector_table
 *(SORT_BY_ALIGNMENT(.gnu.linkonce.irq_vector_table*))
 .gnu.linkonce.irq_vector_table
                0x00000040       0xc0 zephyr/CMakeFiles/zephyr_final.dir/isr_tables.c.obj
                0x00000040                _irq_vector_table
 *(SORT_BY_ALIGNMENT(.vectors))
                0x00000100                _vector_end = .

text            0x00000100     0xb998
                0x00000100                __text_region_start = .
 *(SORT_BY_ALIGNMENT(.text))
 .text          0x00000100      0x378 c:/sourcecode_root/v1.9.1/toolchain/opt/bin/../lib/gcc/arm-none-eabi/9.2.1/thumb/v7e-m/nofp\libgcc.a(_arm_addsubdf3.o)
                0x00000100                __aeabi_drsub
                0x00000108                __aeabi_dsub
                0x00000108                __subdf3
                0x0000010c                __aeabi_dadd
                0x0000010c                __adddf3
                0x00000384                __floatunsidf
                0x00000384                __aeabi_ui2d
                0x000003a4                __floatsidf
                0x000003a4                __aeabi_i2d
                0x000003c8                __aeabi_f2d
                0x000003c8                __extendsfdf2
                0x0000040c                __floatundidf
                0x0000040c                __aeabi_ul2d
                0x0000041c                __floatdidf
                0x0000041c                __aeabi_l2d
 .text          0x00000478      0x424 c:/sourcecode_root/v1.9.1/toolchain/opt/bin/../lib/gcc/arm-none-eabi/9.2.1/thumb/v7e-m/nofp\libgcc.a(_arm_muldivdf3.o)
                0x00000478                __aeabi_dmul
                0x00000478                __muldf3
                0x000006cc                __divdf3
                0x000006cc                __aeabi_ddiv
 .text          0x0000089c       0xa0 c:/sourcecode_root/v1.9.1/toolchain/opt/bin/../lib/gcc/arm-none-eabi/9.2.1/thumb/v7e-m/nofp\libgcc.a(_aeabi_ldivmod.o)
                0x0000089c                __aeabi_ldivmod
 .text          0x0000093c       0x30 c:/sourcecode_root/v1.9.1/toolchain/opt/bin/../lib/gcc/arm-none-eabi/9.2.1/thumb/v7e-m/nofp\libgcc.a(_aeabi_uldivmod.o)
                0x0000093c                __aeabi_uldivmod
 .text          0x0000096c      0x2c0 c:/sourcecode_root/v1.9.1/toolchain/opt/bin/../lib/gcc/arm-none-eabi/9.2.1/thumb/v7e-m/nofp\libgcc.a(_udivmoddi4.o)
                0x0000096c                __udivmoddi4
 .text          0x00000c2c        0x4 c:/sourcecode_root/v1.9.1/toolchain/opt/bin/../lib/gcc/arm-none-eabi/9.2.1/thumb/v7e-m/nofp\libgcc.a(_dvmd_tls.o)
                0x00000c2c                __aeabi_idiv0
                0x00000c2c                __aeabi_ldiv0
 *(SORT_BY_ALIGNMENT(.text.*))
 .text.handle_channel_by_name
                0x00000c30      0x14c zephyr/drivers/sensor/libdrivers__sensor.a(sensor_shell.c.obj)
 .text.button_pressed
                0x00000d7c       0x18 app/libapp.a(main.c.obj)
                0x00000d7c                button_pressed
 .text.main     0x00000d94      0x160 app/libapp.a(main.c.obj)
                0x00000d94                main
 .text.cbvprintf
                0x00000ef4      0xd64 zephyr/libzephyr.a(cbprintf_complete.c.obj)
                0x00000ef4                cbvprintf
 .text.get_device_name
                0x00001c58       0x20 zephyr/libzephyr.a(device_service.c.obj)
 .text.cmd_device_list_visitor
                0x00001c78       0x20 zephyr/libzephyr.a(device_service.c.obj)
 .text.cmd_device_list
                0x00001c98       0x98 zephyr/libzephyr.a(device_service.c.obj)
 .text.device_get_config_level
                0x00001d30       0x54 zephyr/libzephyr.a(device_service.c.obj)
 .text.cmd_device_levels
                0x00001d84       0x94 zephyr/libzephyr.a(device_service.c.obj)
 .text.cmd_devmem
                0x00001e18       0xc4 zephyr/libzephyr.a(devmem_service.c.obj)
 .text.set_bypass
                0x00001edc       0x4c zephyr/libzephyr.a(devmem_service.c.obj)
 .text.cmd_load
                0x00001f28       0xe4 zephyr/libzephyr.a(devmem_service.c.obj)
 .text.bypass_cb
                0x0000200c      0x11c zephyr/libzephyr.a(devmem_service.c.obj)
 .text.cmd_kernel_version
                0x00002128       0x2c zephyr/libzephyr.a(kernel_service.c.obj)
 .text.cmd_kernel_uptime
                0x00002154       0x34 zephyr/libzephyr.a(kernel_service.c.obj)
 .text.cmd_kernel_threads
                0x00002188       0x38 zephyr/libzephyr.a(kernel_service.c.obj)
 .text.cmd_kernel_stacks
                0x000021c0       0x60 zephyr/libzephyr.a(kernel_service.c.obj)
 .text.shell_tdata_dump
                0x00002220       0xc4 zephyr/libzephyr.a(kernel_service.c.obj)
 .text.cmd_kernel_cycles
                0x000022e4       0x1c zephyr/libzephyr.a(kernel_service.c.obj)
 .text.shell_stack_dump
                0x00002300       0x64 zephyr/libzephyr.a(kernel_service.c.obj)
 .text.nrf_cc3xx_platform_abort_init
                0x00002364        0xc zephyr/libzephyr.a(nrf_cc3xx_platform_abort_zephyr.c.obj)
                0x00002364                nrf_cc3xx_platform_abort_init
 .text.mutex_unlock_platform
                0x00002370       0x4c zephyr/libzephyr.a(nrf_cc3xx_platform_mutex_zephyr.c.obj)
 .text.mutex_free_platform
                0x000023bc       0x48 zephyr/libzephyr.a(nrf_cc3xx_platform_mutex_zephyr.c.obj)
 .text.mutex_init_platform
                0x00002404       0x70 zephyr/libzephyr.a(nrf_cc3xx_platform_mutex_zephyr.c.obj)
 .text.mutex_lock_platform
                0x00002474       0x58 zephyr/libzephyr.a(nrf_cc3xx_platform_mutex_zephyr.c.obj)
 .text.nrf_cc3xx_platform_mutex_init
                0x000024cc       0x2c zephyr/libzephyr.a(nrf_cc3xx_platform_mutex_zephyr.c.obj)
                0x000024cc                nrf_cc3xx_platform_mutex_init
 .text.process_event
                0x000024f8      0x1cc zephyr/libzephyr.a(onoff.c.obj)
 .text.pm_state_notify
                0x000026c4       0x64 zephyr/libzephyr.a(pm.c.obj)
 .text.atomic_test_and_set_bit.constprop.0
                0x00002728       0x38 zephyr/libzephyr.a(pm.c.obj)
 .text.pm_system_resume
                0x00002760       0x88 zephyr/libzephyr.a(pm.c.obj)
                0x00002760                pm_system_resume
 .text.pm_system_suspend
                0x000027e8      0x100 zephyr/libzephyr.a(pm.c.obj)
                0x000027e8                pm_system_suspend
 .text.char_out
                0x000028e8       0x10 zephyr/libzephyr.a(printk.c.obj)
 .text.__printk_hook_install
                0x000028f8        0xc zephyr/libzephyr.a(printk.c.obj)
                0x000028f8                __printk_hook_install
 .text.vprintk  0x00002904       0x1c zephyr/libzephyr.a(printk.c.obj)
                0x00002904                vprintk
 .text.vsnprintk
                0x00002920       0x28 zephyr/libzephyr.a(printk.c.obj)
                0x00002920                vsnprintk
 .text.sys_reboot
                0x00002948       0x28 zephyr/libzephyr.a(reboot.c.obj)
                0x00002948                sys_reboot
 .text.shell_internal_help_print
                0x00002970       0x20 zephyr/libzephyr.a(shell.c.obj)
 .text.history_handle
                0x00002990       0xa4 zephyr/libzephyr.a(shell.c.obj)
 .text.state_set.constprop.0
                0x00002a34       0x4c zephyr/libzephyr.a(shell.c.obj)
 .text.execute  0x00002a80      0x2c4 zephyr/libzephyr.a(shell.c.obj)
 .text.shell_process
                0x00002d44      0x6ac zephyr/libzephyr.a(shell.c.obj)
                0x00002d44                shell_process
 .text.shell_init
                0x000033f0       0xf0 zephyr/libzephyr.a(shell.c.obj)
                0x000033f0                shell_init
 .text.shell_start
                0x000034e0       0x4c zephyr/libzephyr.a(shell.c.obj)
                0x000034e0                shell_start
 .text.shell_thread
                0x0000352c       0xa0 zephyr/libzephyr.a(shell.c.obj)
                0x0000352c                shell_thread
 .text.cmd_help
                0x000035cc       0x4c zephyr/libzephyr.a(shell.c.obj)
 .text.shell_hexdump_line
                0x00003618       0xd0 zephyr/libzephyr.a(shell.c.obj)
                0x00003618                shell_hexdump_line
 .text.cmd_resize_default
                0x000036e8       0x28 zephyr/libzephyr.a(shell_cmds.c.obj)
 .text.cmd_shell_stats_show
                0x00003710       0x18 zephyr/libzephyr.a(shell_cmds.c.obj)
 .text.cmd_history
                0x00003728       0x44 zephyr/libzephyr.a(shell_cmds.c.obj)
 .text.cmd_clear
                0x0000376c       0x34 zephyr/libzephyr.a(shell_cmds.c.obj)
 .text.cmd_echo
                0x000037a0       0x58 zephyr/libzephyr.a(shell_cmds.c.obj)
 .text.cmd_resize
                0x000037f8      0x18c zephyr/libzephyr.a(shell_cmds.c.obj)
 .text.z_shell_fprintf_fmt
                0x00003984       0x28 zephyr/libzephyr.a(shell_fprintf.c.obj)
                0x00003984                z_shell_fprintf_fmt
 .text.formatted_text_print.constprop.0
                0x000039ac       0xf4 zephyr/libzephyr.a(shell_help.c.obj)
 .text.z_shell_help_subcmd_print
                0x00003aa0       0xbc zephyr/libzephyr.a(shell_help.c.obj)
                0x00003aa0                z_shell_help_subcmd_print
 .text.z_shell_help_cmd_print
                0x00003b5c       0x48 zephyr/libzephyr.a(shell_help.c.obj)
                0x00003b5c                z_shell_help_cmd_print
 .text.z_shell_help_request
                0x00003ba4       0x28 zephyr/libzephyr.a(shell_help.c.obj)
                0x00003ba4                z_shell_help_request
 .text.z_clear_eos
                0x00003bcc       0x18 zephyr/libzephyr.a(shell_ops.c.obj)
 .text.z_shell_op_cursor_vert_move
                0x00003be4       0x2c zephyr/libzephyr.a(shell_ops.c.obj)
                0x00003be4                z_shell_op_cursor_vert_move
 .text.z_shell_op_cursor_horiz_move
                0x00003c10       0x2c zephyr/libzephyr.a(shell_ops.c.obj)
                0x00003c10                z_shell_op_cursor_horiz_move
 .text.z_shell_op_cond_next_line
                0x00003c3c       0x28 zephyr/libzephyr.a(shell_ops.c.obj)
                0x00003c3c                z_shell_op_cond_next_line
 .text.z_shell_op_cursor_position_synchronize
                0x00003c64       0x54 zephyr/libzephyr.a(shell_ops.c.obj)
                0x00003c64                z_shell_op_cursor_position_synchronize
 .text.z_shell_print_cmd
                0x00003cb8       0x10 zephyr/libzephyr.a(shell_ops.c.obj)
                0x00003cb8                z_shell_print_cmd
 .text.z_shell_vt100_color_set
                0x00003cc8       0x40 zephyr/libzephyr.a(shell_ops.c.obj)
                0x00003cc8                z_shell_vt100_color_set
 .text.z_shell_vt100_colors_restore
                0x00003d08       0x3c zephyr/libzephyr.a(shell_ops.c.obj)
                0x00003d08                z_shell_vt100_colors_restore
 .text.z_shell_op_word_remove
                0x00003d44       0xb8 zephyr/libzephyr.a(shell_ops.c.obj)
                0x00003d44                z_shell_op_word_remove
 .text.reprint_from_cursor
                0x00003dfc       0x80 zephyr/libzephyr.a(shell_ops.c.obj)
 .text.z_shell_op_char_insert
                0x00003e7c       0x70 zephyr/libzephyr.a(shell_ops.c.obj)
                0x00003e7c                z_shell_op_char_insert
 .text.z_shell_print_prompt_and_cmd
                0x00003eec       0x30 zephyr/libzephyr.a(shell_ops.c.obj)
                0x00003eec                z_shell_print_prompt_and_cmd
 .text.enable_shell_uart
                0x00003f1c       0x34 zephyr/libzephyr.a(shell_uart.c.obj)
 .text.init     0x00003f50       0x58 zephyr/libzephyr.a(shell_uart.c.obj)
 .text.z_shell_cmd_get
                0x00003fa8       0x4c zephyr/libzephyr.a(shell_utils.c.obj)
                0x00003fa8                z_shell_cmd_get
 .text.z_shell_wildcard_process
                0x00003ff4       0xe8 zephyr/libzephyr.a(shell_wildcard.c.obj)
                0x00003ff4                z_shell_wildcard_process
 .text.z_arm_cpu_idle_init
                0x000040dc        0xc zephyr/arch/arch/arm/core/aarch32/libarch__arm__core__aarch32.a(cpu_idle.S.obj)
                0x000040dc                z_arm_cpu_idle_init
 .text.arch_cpu_idle
                0x000040e8       0x1c zephyr/arch/arch/arm/core/aarch32/libarch__arm__core__aarch32.a(cpu_idle.S.obj)
                0x000040e8                arch_cpu_idle
 .text.arch_cpu_atomic_idle
                0x00004104       0x14 zephyr/arch/arch/arm/core/aarch32/libarch__arm__core__aarch32.a(cpu_idle.S.obj)
                0x00004104                arch_cpu_atomic_idle
 .text._isr_wrapper
                0x00004118       0x40 zephyr/arch/arch/arm/core/aarch32/libarch__arm__core__aarch32.a(isr_wrapper.S.obj)
                0x00004118                _isr_wrapper
 .text.z_SysNmiOnReset
                0x00004158        0x8 zephyr/arch/arch/arm/core/aarch32/libarch__arm__core__aarch32.a(nmi_on_reset.S.obj)
                0x00004158                z_SysNmiOnReset
 .text.z_arm_pendsv
                0x00004160       0x58 zephyr/arch/arch/arm/core/aarch32/libarch__arm__core__aarch32.a(swap_helper.S.obj)
                0x00004160                z_arm_pendsv
 .text.z_arm_svc
                0x000041b8       0x20 zephyr/arch/arch/arm/core/aarch32/libarch__arm__core__aarch32.a(swap_helper.S.obj)
                0x000041b8                z_arm_svc
 .text.arch_irq_enable
                0x000041d8       0x20 zephyr/arch/arch/arm/core/aarch32/libarch__arm__core__aarch32.a(irq_manage.c.obj)
                0x000041d8                arch_irq_enable
 .text.arch_irq_is_enabled
                0x000041f8       0x1c zephyr/arch/arch/arm/core/aarch32/libarch__arm__core__aarch32.a(irq_manage.c.obj)
                0x000041f8                arch_irq_is_enabled
 .text.z_arm_irq_priority_set
                0x00004214       0x30 zephyr/arch/arch/arm/core/aarch32/libarch__arm__core__aarch32.a(irq_manage.c.obj)
                0x00004214                z_arm_irq_priority_set
 .text.z_arm_prep_c
                0x00004244       0x38 zephyr/arch/arch/arm/core/aarch32/libarch__arm__core__aarch32.a(prep_c.c.obj)
                0x00004244                z_arm_prep_c
 .text.arch_swap
                0x0000427c       0x38 zephyr/arch/arch/arm/core/aarch32/libarch__arm__core__aarch32.a(swap.c.obj)
                0x0000427c                arch_swap
 .text.arch_new_thread
                0x000042b4       0x38 zephyr/arch/arch/arm/core/aarch32/libarch__arm__core__aarch32.a(thread.c.obj)
                0x000042b4                arch_new_thread
 .text.z_check_thread_stack_fail
                0x000042ec       0x38 zephyr/arch/arch/arm/core/aarch32/libarch__arm__core__aarch32.a(thread.c.obj)
                0x000042ec                z_check_thread_stack_fail
 .text.arch_switch_to_main_thread
                0x00004324       0x2c zephyr/arch/arch/arm/core/aarch32/libarch__arm__core__aarch32.a(thread.c.obj)
                0x00004324                arch_switch_to_main_thread
 .text._HandlerModeExit
                0x00004350       0x1c zephyr/arch/arch/arm/core/aarch32/cortex_m/libarch__arm__core__aarch32__cortex_m.a(exc_exit.S.obj)
                0x00004350                z_arm_int_exit
                0x00004350                z_arm_exc_exit
 .text.__fault  0x0000436c       0x14 zephyr/arch/arch/arm/core/aarch32/cortex_m/libarch__arm__core__aarch32__cortex_m.a(fault_s.S.obj)
                0x0000436c                z_arm_usage_fault
                0x0000436c                z_arm_mpu_fault
                0x0000436c                z_arm_exc_spurious
                0x0000436c                z_arm_debug_monitor
                0x0000436c                z_arm_hard_fault
                0x0000436c                z_arm_bus_fault
 .text._reset_section
                0x00004380       0x64 zephyr/arch/arch/arm/core/aarch32/cortex_m/libarch__arm__core__aarch32__cortex_m.a(reset.S.obj)
                0x00004380                __start
                0x00004380                z_arm_reset
 .text.mem_manage_fault
                0x000043e4       0x6c zephyr/arch/arch/arm/core/aarch32/cortex_m/libarch__arm__core__aarch32__cortex_m.a(fault.c.obj)
 .text.bus_fault.isra.0
                0x00004450       0x3c zephyr/arch/arch/arm/core/aarch32/cortex_m/libarch__arm__core__aarch32__cortex_m.a(fault.c.obj)
 .text.usage_fault.isra.0
                0x0000448c       0x24 zephyr/arch/arch/arm/core/aarch32/cortex_m/libarch__arm__core__aarch32__cortex_m.a(fault.c.obj)
 .text.z_arm_fault
                0x000044b0      0x108 zephyr/arch/arch/arm/core/aarch32/cortex_m/libarch__arm__core__aarch32__cortex_m.a(fault.c.obj)
                0x000044b0                z_arm_fault
 .text.z_arm_fault_init
                0x000045b8       0x10 zephyr/arch/arch/arm/core/aarch32/cortex_m/libarch__arm__core__aarch32__cortex_m.a(fault.c.obj)
                0x000045b8                z_arm_fault_init
 .text.z_arm_interrupt_init
                0x000045c8       0x18 zephyr/arch/arch/arm/core/aarch32/cortex_m/libarch__arm__core__aarch32__cortex_m.a(irq_init.c.obj)
                0x000045c8                z_arm_interrupt_init
 .text.z_arm_clear_arm_mpu_config
                0x000045e0       0x20 zephyr/arch/arch/arm/core/aarch32/cortex_m/libarch__arm__core__aarch32__cortex_m.a(scb.c.obj)
                0x000045e0                z_arm_clear_arm_mpu_config
 .text.z_arm_init_arch_hw_at_boot
                0x00004600       0x64 zephyr/arch/arch/arm/core/aarch32/cortex_m/libarch__arm__core__aarch32__cortex_m.a(scb.c.obj)
                0x00004600                z_arm_init_arch_hw_at_boot
 .text.z_impl_k_thread_abort
                0x00004664       0x24 zephyr/arch/arch/arm/core/aarch32/cortex_m/libarch__arm__core__aarch32__cortex_m.a(thread_abort.c.obj)
                0x00004664                z_impl_k_thread_abort
 .text.z_arm_configure_static_mpu_regions
                0x00004688       0x18 zephyr/arch/arch/arm/core/aarch32/mpu/libarch__arm__core__aarch32__mpu.a(arm_core_mpu.c.obj)
                0x00004688                z_arm_configure_static_mpu_regions
 .text.z_arm_configure_dynamic_mpu_regions
                0x000046a0       0x24 zephyr/arch/arch/arm/core/aarch32/mpu/libarch__arm__core__aarch32__mpu.a(arm_core_mpu.c.obj)
                0x000046a0                z_arm_configure_dynamic_mpu_regions
 .text.mpu_configure_regions
                0x000046c4       0x80 zephyr/arch/arch/arm/core/aarch32/mpu/libarch__arm__core__aarch32__mpu.a(arm_mpu.c.obj)
 .text.arm_core_mpu_enable
                0x00004744       0x14 zephyr/arch/arch/arm/core/aarch32/mpu/libarch__arm__core__aarch32__mpu.a(arm_mpu.c.obj)
                0x00004744                arm_core_mpu_enable
 .text.arm_core_mpu_disable
                0x00004758       0x10 zephyr/arch/arch/arm/core/aarch32/mpu/libarch__arm__core__aarch32__mpu.a(arm_mpu.c.obj)
                0x00004758                arm_core_mpu_disable
 .text.arm_core_mpu_configure_static_mpu_regions
                0x00004768       0x14 zephyr/arch/arch/arm/core/aarch32/mpu/libarch__arm__core__aarch32__mpu.a(arm_mpu.c.obj)
                0x00004768                arm_core_mpu_configure_static_mpu_regions
 .text.arm_core_mpu_configure_dynamic_mpu_regions
                0x0000477c       0x2c zephyr/arch/arch/arm/core/aarch32/mpu/libarch__arm__core__aarch32__mpu.a(arm_mpu.c.obj)
                0x0000477c                arm_core_mpu_configure_dynamic_mpu_regions
 .text.z_arm_mpu_init
                0x000047a8       0x5c zephyr/arch/arch/arm/core/aarch32/mpu/libarch__arm__core__aarch32__mpu.a(arm_mpu.c.obj)
                0x000047a8                z_arm_mpu_init
 .text.snprintf
                0x00004804       0x30 zephyr/lib/libc/minimal/liblib__libc__minimal.a(sprintf.c.obj)
                0x00004804                snprintf
 .text.__stdout_hook_install
                0x00004834        0xc zephyr/lib/libc/minimal/liblib__libc__minimal.a(stdout_console.c.obj)
                0x00004834                __stdout_hook_install
 .text.nordicsemi_nrf52_init
                0x00004840       0x64 zephyr/soc/arm/nordic_nrf/nrf52/libsoc__arm__nordic_nrf__nrf52.a(soc.c.obj)
 .text.sys_arch_reboot
                0x000048a4       0x2c zephyr/soc/arm/nordic_nrf/nrf52/libsoc__arm__nordic_nrf__nrf52.a(soc.c.obj)
                0x000048a4                sys_arch_reboot
 .text.arch_busy_wait
                0x000048d0       0x14 zephyr/soc/arm/nordic_nrf/nrf52/libsoc__arm__nordic_nrf__nrf52.a(soc.c.obj)
                0x000048d0                arch_busy_wait
 .text.onoff_stop
                0x000048e4       0x48 zephyr/drivers/clock_control/libdrivers__clock_control.a(clock_control_nrf.c.obj)
 .text.onoff_start
                0x0000492c       0x58 zephyr/drivers/clock_control/libdrivers__clock_control.a(clock_control_nrf.c.obj)
 .text.clk_init
                0x00004984       0x60 zephyr/drivers/clock_control/libdrivers__clock_control.a(clock_control_nrf.c.obj)
 .text.clkstarted_handle.constprop.0
                0x000049e4       0x34 zephyr/drivers/clock_control/libdrivers__clock_control.a(clock_control_nrf.c.obj)
 .text.clock_event_handler
                0x00004a18       0x1c zephyr/drivers/clock_control/libdrivers__clock_control.a(clock_control_nrf.c.obj)
 .text.hfclk_start
                0x00004a34       0x30 zephyr/drivers/clock_control/libdrivers__clock_control.a(clock_control_nrf.c.obj)
 .text.generic_hfclk_start
                0x00004a64       0x60 zephyr/drivers/clock_control/libdrivers__clock_control.a(clock_control_nrf.c.obj)
 .text.hfclk_stop
                0x00004ac4       0x30 zephyr/drivers/clock_control/libdrivers__clock_control.a(clock_control_nrf.c.obj)
 .text.generic_hfclk_stop
                0x00004af4       0x28 zephyr/drivers/clock_control/libdrivers__clock_control.a(clock_control_nrf.c.obj)
 .text.cmd_status
                0x00004b1c       0xfc zephyr/drivers/clock_control/libdrivers__clock_control.a(clock_control_nrf.c.obj)
 .text.api_blocking_start
                0x00004c18       0x3c zephyr/drivers/clock_control/libdrivers__clock_control.a(clock_control_nrf.c.obj)
 .text.z_nrf_clock_control_lf_on
                0x00004c54      0x10c zephyr/drivers/clock_control/libdrivers__clock_control.a(clock_control_nrf.c.obj)
                0x00004c54                z_nrf_clock_control_lf_on
 .text.uart_console_init
                0x00004d60       0x30 zephyr/drivers/console/libdrivers__console.a(uart_console.c.obj)
 .text.console_out
                0x00004d90       0x28 zephyr/drivers/console/libdrivers__console.a(uart_console.c.obj)
 .text.nrfx_gpio_handler
                0x00004db8       0x54 zephyr/drivers/gpio/libdrivers__gpio.a(gpio_nrfx.c.obj)
 .text.gpio_nrfx_pin_interrupt_configure
                0x00004e0c       0xd4 zephyr/drivers/gpio/libdrivers__gpio.a(gpio_nrfx.c.obj)
 .text.gpio_nrfx_init
                0x00004ee0       0x38 zephyr/drivers/gpio/libdrivers__gpio.a(gpio_nrfx.c.obj)
 .text.gpio_nrfx_pin_configure
                0x00004f18      0x15c zephyr/drivers/gpio/libdrivers__gpio.a(gpio_nrfx.c.obj)
 .text.cmd_gpio_conf
                0x00005074       0xac zephyr/drivers/gpio/libdrivers__gpio.a(gpio_shell.c.obj)
 .text.cmd_gpio_set
                0x00005120       0x78 zephyr/drivers/gpio/libdrivers__gpio.a(gpio_shell.c.obj)
 .text.cmd_gpio_get
                0x00005198       0xa0 zephyr/drivers/gpio/libdrivers__gpio.a(gpio_shell.c.obj)
 .text.cmd_gpio_blink
                0x00005238       0xac zephyr/drivers/gpio/libdrivers__gpio.a(gpio_shell.c.obj)
 .text.i2c_nrfx_twim_recover_bus
                0x000052e4       0x20 zephyr/drivers/i2c/libdrivers__i2c.a(i2c_nrfx_twim.c.obj)
 .text.twim_0_init
                0x00005304       0x34 zephyr/drivers/i2c/libdrivers__i2c.a(i2c_nrfx_twim.c.obj)
 .text.event_handler
                0x00005338       0x34 zephyr/drivers/i2c/libdrivers__i2c.a(i2c_nrfx_twim.c.obj)
 .text.i2c_nrfx_twim_transfer
                0x0000536c      0x198 zephyr/drivers/i2c/libdrivers__i2c.a(i2c_nrfx_twim.c.obj)
 .text.device_name_get
                0x00005504       0x20 zephyr/drivers/i2c/libdrivers__i2c.a(i2c_shell.c.obj)
 .text.cmd_i2c_scan
                0x00005524       0xf0 zephyr/drivers/i2c/libdrivers__i2c.a(i2c_shell.c.obj)
 .text.cmd_i2c_recover
                0x00005614       0x4c zephyr/drivers/i2c/libdrivers__i2c.a(i2c_shell.c.obj)
 .text.cmd_i2c_write_byte
                0x00005660       0x90 zephyr/drivers/i2c/libdrivers__i2c.a(i2c_shell.c.obj)
 .text.cmd_i2c_read
                0x000056f0       0xc8 zephyr/drivers/i2c/libdrivers__i2c.a(i2c_shell.c.obj)
 .text.cmd_i2c_read_byte
                0x000057b8       0xac zephyr/drivers/i2c/libdrivers__i2c.a(i2c_shell.c.obj)
 .text.cmd_i2c_write
                0x00005864       0xc8 zephyr/drivers/i2c/libdrivers__i2c.a(i2c_shell.c.obj)
 .text.bme280_channel_get
                0x0000592c       0x64 zephyr/drivers/sensor/bme280/libdrivers__sensor__bme280.a(bme280.c.obj)
 .text.channel_name_get
                0x00005990       0x34 zephyr/drivers/sensor/libdrivers__sensor.a(sensor_shell.c.obj)
 .text.device_name_get
                0x000059c4       0x20 zephyr/drivers/sensor/libdrivers__sensor.a(sensor_shell.c.obj)
 .text.cmd_get_sensor
                0x000059e4       0xa0 zephyr/drivers/sensor/libdrivers__sensor.a(sensor_shell.c.obj)
 .text.uarte_nrfx_configure
                0x00005a84      0x164 zephyr/drivers/serial/libdrivers__serial.a(uart_nrfx_uarte.c.obj)
 .text.nrf_gpio_cfg_input
                0x00005be8       0x20 zephyr/drivers/serial/libdrivers__serial.a(uart_nrfx_uarte.c.obj)
 .text.uarte_nrfx_poll_out
                0x00005c08       0x94 zephyr/drivers/serial/libdrivers__serial.a(uart_nrfx_uarte.c.obj)
 .text.nrf_gpio_cfg_output
                0x00005c9c       0x20 zephyr/drivers/serial/libdrivers__serial.a(uart_nrfx_uarte.c.obj)
 .text.nrf_gpio_pin_set
                0x00005cbc       0x20 zephyr/drivers/serial/libdrivers__serial.a(uart_nrfx_uarte.c.obj)
 .text.uarte_instance_init.isra.0
                0x00005cdc      0x130 zephyr/drivers/serial/libdrivers__serial.a(uart_nrfx_uarte.c.obj)
 .text.sys_clock_timeout_handler
                0x00005e0c       0x78 zephyr/drivers/timer/libdrivers__timer.a(nrf_rtc_timer.c.obj)
 .text.compare_int_lock
                0x00005e84       0x50 zephyr/drivers/timer/libdrivers__timer.a(nrf_rtc_timer.c.obj)
 .text.compare_int_unlock.part.0
                0x00005ed4       0x5c zephyr/drivers/timer/libdrivers__timer.a(nrf_rtc_timer.c.obj)
 .text.z_nrf_rtc_timer_read
                0x00005f30       0x44 zephyr/drivers/timer/libdrivers__timer.a(nrf_rtc_timer.c.obj)
                0x00005f30                z_nrf_rtc_timer_read
 .text.compare_set
                0x00005f74      0x154 zephyr/drivers/timer/libdrivers__timer.a(nrf_rtc_timer.c.obj)
 .text.sys_clock_driver_init
                0x000060c8       0x84 zephyr/drivers/timer/libdrivers__timer.a(nrf_rtc_timer.c.obj)
 .text.rtc_nrf_isr
                0x0000614c       0xf0 zephyr/drivers/timer/libdrivers__timer.a(nrf_rtc_timer.c.obj)
                0x0000614c                rtc_nrf_isr
 .text.sys_clock_set_timeout
                0x0000623c       0x60 zephyr/drivers/timer/libdrivers__timer.a(nrf_rtc_timer.c.obj)
                0x0000623c                sys_clock_set_timeout
 .text.sys_clock_elapsed
                0x0000629c       0x14 zephyr/drivers/timer/libdrivers__timer.a(nrf_rtc_timer.c.obj)
                0x0000629c                sys_clock_elapsed
 .text.nrfx_clock_init
                0x000062b0       0x20 modules/hal_nordic/nrfx/libmodules__hal_nordic__nrfx.a(nrfx_clock.c.obj)
                0x000062b0                nrfx_clock_init
 .text.nrfx_clock_start
                0x000062d0       0x64 modules/hal_nordic/nrfx/libmodules__hal_nordic__nrfx.a(nrfx_clock.c.obj)
                0x000062d0                nrfx_clock_start
 .text.nrfx_clock_stop
                0x00006334       0x8c modules/hal_nordic/nrfx/libmodules__hal_nordic__nrfx.a(nrfx_clock.c.obj)
                0x00006334                nrfx_clock_stop
 .text.nrfx_power_clock_irq_handler
                0x000063c0       0x68 modules/hal_nordic/nrfx/libmodules__hal_nordic__nrfx.a(nrfx_clock.c.obj)
                0x000063c0                nrfx_power_clock_irq_handler
 .text.nrfx_flag32_alloc
                0x00006428       0x48 modules/hal_nordic/nrfx/libmodules__hal_nordic__nrfx.a(nrfx_flag32_allocator.c.obj)
                0x00006428                nrfx_flag32_alloc
 .text.nrfx_flag32_free
                0x00006470       0x44 modules/hal_nordic/nrfx/libmodules__hal_nordic__nrfx.a(nrfx_flag32_allocator.c.obj)
                0x00006470                nrfx_flag32_free
 .text.nrf_gpio_pin_port_decode
                0x000064b4       0x1c modules/hal_nordic/nrfx/libmodules__hal_nordic__nrfx.a(nrfx_gpiote.c.obj)
 .text.call_handler
                0x000064d0       0x3c modules/hal_nordic/nrfx/libmodules__hal_nordic__nrfx.a(nrfx_gpiote.c.obj)
 .text.release_handler
                0x0000650c       0x54 modules/hal_nordic/nrfx/libmodules__hal_nordic__nrfx.a(nrfx_gpiote.c.obj)
 .text.pin_handler_trigger_uninit
                0x00006560       0x34 modules/hal_nordic/nrfx/libmodules__hal_nordic__nrfx.a(nrfx_gpiote.c.obj)
 .text.nrfx_gpiote_input_configure
                0x00006594      0x158 modules/hal_nordic/nrfx/libmodules__hal_nordic__nrfx.a(nrfx_gpiote.c.obj)
                0x00006594                nrfx_gpiote_input_configure
 .text.nrfx_gpiote_output_configure
                0x000066ec       0xe0 modules/hal_nordic/nrfx/libmodules__hal_nordic__nrfx.a(nrfx_gpiote.c.obj)
                0x000066ec                nrfx_gpiote_output_configure
 .text.nrfx_gpiote_global_callback_set
                0x000067cc        0xc modules/hal_nordic/nrfx/libmodules__hal_nordic__nrfx.a(nrfx_gpiote.c.obj)
                0x000067cc                nrfx_gpiote_global_callback_set
 .text.nrfx_gpiote_channel_get
                0x000067d8       0x24 modules/hal_nordic/nrfx/libmodules__hal_nordic__nrfx.a(nrfx_gpiote.c.obj)
                0x000067d8                nrfx_gpiote_channel_get
 .text.nrfx_gpiote_init
                0x000067fc       0x50 modules/hal_nordic/nrfx/libmodules__hal_nordic__nrfx.a(nrfx_gpiote.c.obj)
                0x000067fc                nrfx_gpiote_init
 .text.nrfx_gpiote_is_init
                0x0000684c       0x14 modules/hal_nordic/nrfx/libmodules__hal_nordic__nrfx.a(nrfx_gpiote.c.obj)
                0x0000684c                nrfx_gpiote_is_init
 .text.nrfx_gpiote_channel_free
                0x00006860        0xc modules/hal_nordic/nrfx/libmodules__hal_nordic__nrfx.a(nrfx_gpiote.c.obj)
                0x00006860                nrfx_gpiote_channel_free
 .text.nrfx_gpiote_channel_alloc
                0x0000686c        0xc modules/hal_nordic/nrfx/libmodules__hal_nordic__nrfx.a(nrfx_gpiote.c.obj)
                0x0000686c                nrfx_gpiote_channel_alloc
 .text.nrfx_gpiote_trigger_enable
                0x00006878       0x88 modules/hal_nordic/nrfx/libmodules__hal_nordic__nrfx.a(nrfx_gpiote.c.obj)
                0x00006878                nrfx_gpiote_trigger_enable
 .text.nrfx_gpiote_trigger_disable
                0x00006900       0x44 modules/hal_nordic/nrfx/libmodules__hal_nordic__nrfx.a(nrfx_gpiote.c.obj)
                0x00006900                nrfx_gpiote_trigger_disable
 .text.nrfx_gpiote_pin_uninit
                0x00006944       0x48 modules/hal_nordic/nrfx/libmodules__hal_nordic__nrfx.a(nrfx_gpiote.c.obj)
                0x00006944                nrfx_gpiote_pin_uninit
 .text.nrfx_gpiote_irq_handler
                0x0000698c      0x1b0 modules/hal_nordic/nrfx/libmodules__hal_nordic__nrfx.a(nrfx_gpiote.c.obj)
                0x0000698c                nrfx_gpiote_irq_handler
 .text.nrfx_ppi_channel_alloc
                0x00006b3c        0xc modules/hal_nordic/nrfx/libmodules__hal_nordic__nrfx.a(nrfx_ppi.c.obj)
                0x00006b3c                nrfx_ppi_channel_alloc
 .text.nrf_gpio_pin_port_decode
                0x00006b48       0x1c modules/hal_nordic/nrfx/libmodules__hal_nordic__nrfx.a(nrfx_twi_twim.c.obj)
 .text.nrfx_twi_twim_bus_recover
                0x00006b64       0xc8 modules/hal_nordic/nrfx/libmodules__hal_nordic__nrfx.a(nrfx_twi_twim.c.obj)
                0x00006b64                nrfx_twi_twim_bus_recover
 .text.nrfx_twim_init
                0x00006c2c       0xc4 modules/hal_nordic/nrfx/libmodules__hal_nordic__nrfx.a(nrfx_twim.c.obj)
                0x00006c2c                nrfx_twim_init
 .text.nrfx_twim_enable
                0x00006cf0       0x20 modules/hal_nordic/nrfx/libmodules__hal_nordic__nrfx.a(nrfx_twim.c.obj)
                0x00006cf0                nrfx_twim_enable
 .text.nrfx_twim_disable
                0x00006d10       0x3c modules/hal_nordic/nrfx/libmodules__hal_nordic__nrfx.a(nrfx_twim.c.obj)
                0x00006d10                nrfx_twim_disable
 .text.nrfx_twim_xfer
                0x00006d4c      0x2fc modules/hal_nordic/nrfx/libmodules__hal_nordic__nrfx.a(nrfx_twim.c.obj)
                0x00006d4c                nrfx_twim_xfer
 .text.nrfx_twim_0_irq_handler
                0x00007048      0x184 modules/hal_nordic/nrfx/libmodules__hal_nordic__nrfx.a(nrfx_twim.c.obj)
                0x00007048                nrfx_twim_0_irq_handler
 .text.nrf52_errata_36
                0x000071cc       0x14 modules/hal_nordic/nrfx/libmodules__hal_nordic__nrfx.a(system_nrf52840.c.obj)
 .text.nrf52_errata_98
                0x000071e0       0x28 modules/hal_nordic/nrfx/libmodules__hal_nordic__nrfx.a(system_nrf52840.c.obj)
 .text.nvmc_wait
                0x00007208       0x10 modules/hal_nordic/nrfx/libmodules__hal_nordic__nrfx.a(system_nrf52840.c.obj)
                0x00007208                nvmc_wait
 .text.SystemInit
                0x00007218      0x1d0 modules/hal_nordic/nrfx/libmodules__hal_nordic__nrfx.a(system_nrf52840.c.obj)
                0x00007218                SystemInit
 .text._DoInit  0x000073e8       0x6c modules/segger/libmodules__segger.a(SEGGER_RTT.c.obj)
 .text.device_visitor
                0x00007454       0x60 zephyr/kernel/libkernel.a(device.c.obj)
 .text.z_sys_init_run_level
                0x000074b4       0x40 zephyr/kernel/libkernel.a(device.c.obj)
                0x000074b4                z_sys_init_run_level
 .text.z_device_get_all_static
                0x000074f4       0x1c zephyr/kernel/libkernel.a(device.c.obj)
                0x000074f4                z_device_get_all_static
 .text.z_impl_device_get_binding
                0x00007510       0x58 zephyr/kernel/libkernel.a(device.c.obj)
                0x00007510                z_impl_device_get_binding
 .text.z_impl_z_errno
                0x00007568        0xc zephyr/kernel/libkernel.a(errno.c.obj)
                0x00007568                z_impl_z_errno
 .text.idle     0x00007574       0x2c zephyr/kernel/libkernel.a(idle.c.obj)
                0x00007574                idle
 .text.init_idle_thread
                0x000075a0       0x6c zephyr/kernel/libkernel.a(init.c.obj)
 .text.bg_thread_main
                0x0000760c       0x34 zephyr/kernel/libkernel.a(init.c.obj)
 .text.z_bss_zero
                0x00007640       0x14 zephyr/kernel/libkernel.a(init.c.obj)
                0x00007640                z_bss_zero
 .text.z_cstart
                0x00007654       0xe4 zephyr/kernel/libkernel.a(init.c.obj)
                0x00007654                z_cstart
 .text.init_mem_slab_module
                0x00007738       0x44 zephyr/kernel/libkernel.a(mem_slab.c.obj)
 .text.k_mem_slab_alloc
                0x0000777c       0x60 zephyr/kernel/libkernel.a(mem_slab.c.obj)
                0x0000777c                k_mem_slab_alloc
 .text.z_impl_k_mutex_lock
                0x000077dc       0xfc zephyr/kernel/libkernel.a(mutex.c.obj)
                0x000077dc                z_impl_k_mutex_lock
 .text.z_impl_k_mutex_unlock
                0x000078d8       0x90 zephyr/kernel/libkernel.a(mutex.c.obj)
                0x000078d8                z_impl_k_mutex_unlock
 .text.z_impl_k_poll
                0x00007968       0xb8 zephyr/kernel/libkernel.a(poll.c.obj)
                0x00007968                z_impl_k_poll
 .text.z_impl_k_poll_signal_raise
                0x00007a20       0x50 zephyr/kernel/libkernel.a(poll.c.obj)
                0x00007a20                z_impl_k_poll_signal_raise
 .text.z_reset_time_slice
                0x00007a70       0x2c zephyr/kernel/libkernel.a(sched.c.obj)
                0x00007a70                z_reset_time_slice
 .text.k_sched_time_slice_set
                0x00007a9c       0x64 zephyr/kernel/libkernel.a(sched.c.obj)
                0x00007a9c                k_sched_time_slice_set
 .text.z_reschedule
                0x00007b00       0x24 zephyr/kernel/libkernel.a(sched.c.obj)
                0x00007b00                z_reschedule
 .text.k_sched_lock
                0x00007b24       0x28 zephyr/kernel/libkernel.a(sched.c.obj)
                0x00007b24                k_sched_lock
 .text.update_cache
                0x00007b4c       0x40 zephyr/kernel/libkernel.a(sched.c.obj)
 .text.move_thread_to_end_of_prio_q
                0x00007b8c       0x7c zephyr/kernel/libkernel.a(sched.c.obj)
 .text.z_time_slice
                0x00007c08       0x84 zephyr/kernel/libkernel.a(sched.c.obj)
                0x00007c08                z_time_slice
 .text.ready_thread
                0x00007c8c       0x70 zephyr/kernel/libkernel.a(sched.c.obj)
 .text.z_sched_start
                0x00007cfc       0x3c zephyr/kernel/libkernel.a(sched.c.obj)
                0x00007cfc                z_sched_start
 .text.unready_thread
                0x00007d38       0x30 zephyr/kernel/libkernel.a(sched.c.obj)
 .text.pend     0x00007d68       0x4c zephyr/kernel/libkernel.a(sched.c.obj)
 .text.z_pend_curr
                0x00007db4       0x28 zephyr/kernel/libkernel.a(sched.c.obj)
                0x00007db4                z_pend_curr
 .text.z_set_prio
                0x00007ddc       0x98 zephyr/kernel/libkernel.a(sched.c.obj)
                0x00007ddc                z_set_prio
 .text.z_impl_k_thread_suspend
                0x00007e74       0x64 zephyr/kernel/libkernel.a(sched.c.obj)
                0x00007e74                z_impl_k_thread_suspend
 .text.k_sched_unlock
                0x00007ed8       0x38 zephyr/kernel/libkernel.a(sched.c.obj)
                0x00007ed8                k_sched_unlock
 .text.z_sched_init
                0x00007f10       0x18 zephyr/kernel/libkernel.a(sched.c.obj)
                0x00007f10                z_sched_init
 .text.z_impl_k_yield
                0x00007f28       0x84 zephyr/kernel/libkernel.a(sched.c.obj)
                0x00007f28                z_impl_k_yield
 .text.z_tick_sleep
                0x00007fac       0x98 zephyr/kernel/libkernel.a(sched.c.obj)
 .text.z_impl_k_sleep
                0x00008044       0x34 zephyr/kernel/libkernel.a(sched.c.obj)
                0x00008044                z_impl_k_sleep
 .text.z_impl_z_current_get
                0x00008078        0xc zephyr/kernel/libkernel.a(sched.c.obj)
                0x00008078                z_impl_z_current_get
 .text.z_impl_k_is_preempt_thread
                0x00008084       0x20 zephyr/kernel/libkernel.a(sched.c.obj)
                0x00008084                z_impl_k_is_preempt_thread
 .text.z_thread_abort
                0x000080a4       0xac zephyr/kernel/libkernel.a(sched.c.obj)
                0x000080a4                z_thread_abort
 .text.z_sched_wait
                0x00008150       0x24 zephyr/kernel/libkernel.a(sched.c.obj)
                0x00008150                z_sched_wait
 .text.z_impl_k_sem_give
                0x00008174       0x4c zephyr/kernel/libkernel.a(sem.c.obj)
                0x00008174                z_impl_k_sem_give
 .text.z_impl_k_sem_take
                0x000081c0       0x54 zephyr/kernel/libkernel.a(sem.c.obj)
                0x000081c0                z_impl_k_sem_take
 .text.k_sys_work_q_init
                0x00008214       0x34 zephyr/kernel/libkernel.a(system_work_q.c.obj)
 .text.k_thread_foreach
                0x00008248       0x34 zephyr/kernel/libkernel.a(thread.c.obj)
                0x00008248                k_thread_foreach
 .text.z_thread_monitor_exit
                0x0000827c       0x3c zephyr/kernel/libkernel.a(thread.c.obj)
                0x0000827c                z_thread_monitor_exit
 .text.z_impl_k_thread_name_set
                0x000082b8       0x20 zephyr/kernel/libkernel.a(thread.c.obj)
                0x000082b8                z_impl_k_thread_name_set
 .text.k_thread_state_str
                0x000082d8       0x74 zephyr/kernel/libkernel.a(thread.c.obj)
                0x000082d8                k_thread_state_str
 .text.z_setup_new_thread
                0x0000834c       0xd0 zephyr/kernel/libkernel.a(thread.c.obj)
                0x0000834c                z_setup_new_thread
 .text.z_impl_k_thread_create
                0x0000841c       0x58 zephyr/kernel/libkernel.a(thread.c.obj)
                0x0000841c                z_impl_k_thread_create
 .text.z_init_static_threads
                0x00008474       0xbc zephyr/kernel/libkernel.a(thread.c.obj)
                0x00008474                z_init_static_threads
 .text.elapsed  0x00008530       0x14 zephyr/kernel/libkernel.a(timeout.c.obj)
 .text.remove_timeout
                0x00008544       0x34 zephyr/kernel/libkernel.a(timeout.c.obj)
 .text.next_timeout
                0x00008578       0x58 zephyr/kernel/libkernel.a(timeout.c.obj)
 .text.z_add_timeout
                0x000085d0      0x110 zephyr/kernel/libkernel.a(timeout.c.obj)
                0x000085d0                z_add_timeout
 .text.sys_clock_announce
                0x000086e0       0xd8 zephyr/kernel/libkernel.a(timeout.c.obj)
                0x000086e0                sys_clock_announce
 .text.sys_clock_tick_get
                0x000087b8       0x34 zephyr/kernel/libkernel.a(timeout.c.obj)
                0x000087b8                sys_clock_tick_get
 .text.sys_kernel_version_get
                0x000087ec        0x8 zephyr/kernel/libkernel.a(version.c.obj)
                0x000087ec                sys_kernel_version_get
 .text.work_queue_main
                0x000087f4      0x13c zephyr/kernel/libkernel.a(work.c.obj)
 .text.submit_to_queue_locked
                0x00008930       0xa0 zephyr/kernel/libkernel.a(work.c.obj)
 .text.k_work_queue_start
                0x000089d0       0x70 zephyr/kernel/libkernel.a(work.c.obj)
                0x000089d0                k_work_queue_start
 .text.z_data_copy
                0x00008a40       0x34 zephyr/kernel/libkernel.a(xip.c.obj)
                0x00008a40                z_data_copy
 .text.boot_banner
                0x00008a74       0x18 zephyr/kernel/libkernel.a(banner.c.obj)
                0x00008a74                boot_banner
 .text.nrf_cc3xx_platform_init_no_rng
                0x00008a8c       0x38 C:/sourcecode_root/v1.9.1/nrfxlib/crypto/nrf_cc310_platform/lib/cortex-m4/soft-float/no-interrupts/libnrf_cc310_platform_0.9.13.a(nrf_cc3xx_platform.c.obj)
                0x00008a8c                nrf_cc3xx_platform_init_no_rng
 .text.nrf_cc3xx_platform_abort
                0x00008ac4       0x24 C:/sourcecode_root/v1.9.1/nrfxlib/crypto/nrf_cc310_platform/lib/cortex-m4/soft-float/no-interrupts/libnrf_cc310_platform_0.9.13.a(nrf_cc3xx_platform_abort.c.obj)
 .text.CC_PalAbort
                0x00008ae8       0x40 C:/sourcecode_root/v1.9.1/nrfxlib/crypto/nrf_cc310_platform/lib/cortex-m4/soft-float/no-interrupts/libnrf_cc310_platform_0.9.13.a(nrf_cc3xx_platform_abort.c.obj)
                0x00008ae8                CC_PalAbort
 .text.nrf_cc3xx_platform_set_abort
                0x00008b28       0x10 C:/sourcecode_root/v1.9.1/nrfxlib/crypto/nrf_cc310_platform/lib/cortex-m4/soft-float/no-interrupts/libnrf_cc310_platform_0.9.13.a(nrf_cc3xx_platform_abort.c.obj)
                0x00008b28                nrf_cc3xx_platform_set_abort
 .text.mutex_free
                0x00008b38       0x28 C:/sourcecode_root/v1.9.1/nrfxlib/crypto/nrf_cc310_platform/lib/cortex-m4/soft-float/no-interrupts/libnrf_cc310_platform_0.9.13.a(nrf_cc3xx_platform_mutex.c.obj)
 .text.mutex_unlock
                0x00008b60       0x2c C:/sourcecode_root/v1.9.1/nrfxlib/crypto/nrf_cc310_platform/lib/cortex-m4/soft-float/no-interrupts/libnrf_cc310_platform_0.9.13.a(nrf_cc3xx_platform_mutex.c.obj)
 .text.mutex_init
                0x00008b8c       0x1c C:/sourcecode_root/v1.9.1/nrfxlib/crypto/nrf_cc310_platform/lib/cortex-m4/soft-float/no-interrupts/libnrf_cc310_platform_0.9.13.a(nrf_cc3xx_platform_mutex.c.obj)
 .text.mutex_lock
                0x00008ba8       0x44 C:/sourcecode_root/v1.9.1/nrfxlib/crypto/nrf_cc310_platform/lib/cortex-m4/soft-float/no-interrupts/libnrf_cc310_platform_0.9.13.a(nrf_cc3xx_platform_mutex.c.obj)
 .text.nrf_cc3xx_platform_set_mutexes
                0x00008bec       0x60 C:/sourcecode_root/v1.9.1/nrfxlib/crypto/nrf_cc310_platform/lib/cortex-m4/soft-float/no-interrupts/libnrf_cc310_platform_0.9.13.a(nrf_cc3xx_platform_mutex.c.obj)
                0x00008bec                nrf_cc3xx_platform_set_mutexes
 .text.CC_LibInitNoRng
                0x00008c4c       0x6c C:/sourcecode_root/v1.9.1/nrfxlib/crypto/nrf_cc310_platform/lib/cortex-m4/soft-float/no-interrupts/libnrf_cc310_platform_0.9.13.a(cc_lib.c.obj)
                0x00008c4c                CC_LibInitNoRng
 .text.CC_HalInit
                0x00008cb8        0x4 C:/sourcecode_root/v1.9.1/nrfxlib/crypto/nrf_cc310_platform/lib/cortex-m4/soft-float/no-interrupts/libnrf_cc310_platform_0.9.13.a(cc_hal.c.obj)
                0x00008cb8                CC_HalInit
 .text.CC_HalTerminate
                0x00008cbc        0x4 C:/sourcecode_root/v1.9.1/nrfxlib/crypto/nrf_cc310_platform/lib/cortex-m4/soft-float/no-interrupts/libnrf_cc310_platform_0.9.13.a(cc_hal.c.obj)
                0x00008cbc                CC_HalTerminate
 .text.CC_HalMaskInterrupt
                0x00008cc0        0xc C:/sourcecode_root/v1.9.1/nrfxlib/crypto/nrf_cc310_platform/lib/cortex-m4/soft-float/no-interrupts/libnrf_cc310_platform_0.9.13.a(cc_hal.c.obj)
                0x00008cc0                CC_HalMaskInterrupt
 .text.CC_PalInit
                0x00008ccc       0x5c C:/sourcecode_root/v1.9.1/nrfxlib/crypto/nrf_cc310_platform/lib/cortex-m4/soft-float/no-interrupts/libnrf_cc310_platform_0.9.13.a(cc_pal.c.obj)
                0x00008ccc                CC_PalInit
 .text.CC_PalTerminate
                0x00008d28       0x34 C:/sourcecode_root/v1.9.1/nrfxlib/crypto/nrf_cc310_platform/lib/cortex-m4/soft-float/no-interrupts/libnrf_cc310_platform_0.9.13.a(cc_pal.c.obj)
                0x00008d28                CC_PalTerminate
 .text.CC_PalDmaInit
                0x00008d5c        0x4 C:/sourcecode_root/v1.9.1/nrfxlib/crypto/nrf_cc310_platform/lib/cortex-m4/soft-float/no-interrupts/libnrf_cc310_platform_0.9.13.a(cc_pal_dma.c.obj)
                0x00008d5c                CC_PalDmaInit
 .text.CC_PalDmaTerminate
                0x00008d60        0x4 C:/sourcecode_root/v1.9.1/nrfxlib/crypto/nrf_cc310_platform/lib/cortex-m4/soft-float/no-interrupts/libnrf_cc310_platform_0.9.13.a(cc_pal_dma.c.obj)
                0x00008d60                CC_PalDmaTerminate
 .text.CC_PalMutexCreate
                0x00008d64       0x14 C:/sourcecode_root/v1.9.1/nrfxlib/crypto/nrf_cc310_platform/lib/cortex-m4/soft-float/no-interrupts/libnrf_cc310_platform_0.9.13.a(cc_pal_mutex.c.obj)
                0x00008d64                CC_PalMutexCreate
 .text.CC_PalMutexDestroy
                0x00008d78       0x14 C:/sourcecode_root/v1.9.1/nrfxlib/crypto/nrf_cc310_platform/lib/cortex-m4/soft-float/no-interrupts/libnrf_cc310_platform_0.9.13.a(cc_pal_mutex.c.obj)
                0x00008d78                CC_PalMutexDestroy
 .text.CC_PalPowerSaveModeInit
                0x00008d8c       0x3c C:/sourcecode_root/v1.9.1/nrfxlib/crypto/nrf_cc310_platform/lib/cortex-m4/soft-float/no-interrupts/libnrf_cc310_platform_0.9.13.a(cc_pal_pm.c.obj)
                0x00008d8c                CC_PalPowerSaveModeInit
 .text.CC_PalPowerSaveModeSelect
                0x00008dc8       0x84 C:/sourcecode_root/v1.9.1/nrfxlib/crypto/nrf_cc310_platform/lib/cortex-m4/soft-float/no-interrupts/libnrf_cc310_platform_0.9.13.a(cc_pal_pm.c.obj)
                0x00008dc8                CC_PalPowerSaveModeSelect
 .text.z_impl_gpio_pin_configure
                0x00008e4c       0x34 app/libapp.a(main.c.obj)
 .text._ldiv5   0x00008e80       0x40 zephyr/libzephyr.a(cbprintf_complete.c.obj)
 .text._get_digit
                0x00008ec0       0x2e zephyr/libzephyr.a(cbprintf_complete.c.obj)
 .text.encode_uint
                0x00008eee       0x96 zephyr/libzephyr.a(cbprintf_complete.c.obj)
 .text.outs     0x00008f84       0x2c zephyr/libzephyr.a(cbprintf_complete.c.obj)
 .text._ConfigAbsSyms
                0x00008fb0        0x2 zephyr/libzephyr.a(configs.c.obj)
                0x00008fb0                _ConfigAbsSyms
 .text.foldcase
                0x00008fb2       0x10 zephyr/libzephyr.a(fnmatch.c.obj)
 .text.fnmatchx
                0x00008fc2      0x260 zephyr/libzephyr.a(fnmatch.c.obj)
 .text.fnmatch  0x00009222        0x6 zephyr/libzephyr.a(fnmatch.c.obj)
                0x00009222                fnmatch
 .text.cmd_kernel_reboot_warm
                0x00009228        0x8 zephyr/libzephyr.a(kernel_service.c.obj)
 .text.cmd_kernel_reboot_cold
                0x00009230        0x8 zephyr/libzephyr.a(kernel_service.c.obj)
 .text.sys_notify_validate
                0x00009238       0x28 zephyr/libzephyr.a(notify.c.obj)
                0x00009238                sys_notify_validate
 .text.sys_notify_finalize
                0x00009260       0x32 zephyr/libzephyr.a(notify.c.obj)
                0x00009260                sys_notify_finalize
 .text.abort_function
                0x00009292        0x8 zephyr/libzephyr.a(nrf_cc3xx_platform_abort_zephyr.c.obj)
 .text.process_recheck
                0x0000929a       0x38 zephyr/libzephyr.a(onoff.c.obj)
 .text.notify_one
                0x000092d2       0x2c zephyr/libzephyr.a(onoff.c.obj)
 .text.transition_complete
                0x000092fe       0x1c zephyr/libzephyr.a(onoff.c.obj)
 .text.validate_args
                0x0000931a       0x1e zephyr/libzephyr.a(onoff.c.obj)
 .text.onoff_manager_init
                0x00009338       0x26 zephyr/libzephyr.a(onoff.c.obj)
                0x00009338                onoff_manager_init
 .text.onoff_request
                0x0000935e       0x92 zephyr/libzephyr.a(onoff.c.obj)
                0x0000935e                onoff_request
 .text.arch_printk_char_out
                0x000093f0        0x4 zephyr/libzephyr.a(printk.c.obj)
                0x000093f0                arch_printk_char_out
 .text.str_out  0x000093f4       0x26 zephyr/libzephyr.a(printk.c.obj)
 .text.printk   0x0000941a       0x1a zephyr/libzephyr.a(printk.c.obj)
                0x0000941a                printk
 .text.snprintk
                0x00009434       0x1a zephyr/libzephyr.a(printk.c.obj)
                0x00009434                snprintk
 .text.pm_policy_next_state
                0x0000944e        0xa zephyr/libzephyr.a(residency.c.obj)
                0x0000944e                pm_policy_next_state
 .text.ring_buf_get_rewind_threshold
                0x00009458        0x6 zephyr/libzephyr.a(ring_buffer.c.obj)
                0x00009458                ring_buf_get_rewind_threshold
 .text.ring_buf_put_claim
                0x0000945e       0x38 zephyr/libzephyr.a(ring_buffer.c.obj)
                0x0000945e                ring_buf_put_claim
 .text.ring_buf_put_finish
                0x00009496       0x34 zephyr/libzephyr.a(ring_buffer.c.obj)
                0x00009496                ring_buf_put_finish
 .text.ring_buf_put
                0x000094ca       0x3e zephyr/libzephyr.a(ring_buffer.c.obj)
                0x000094ca                ring_buf_put
 .text.ring_buf_get_claim
                0x00009508       0x54 zephyr/libzephyr.a(ring_buffer.c.obj)
                0x00009508                ring_buf_get_claim
 .text.ring_buf_get_finish
                0x0000955c       0x38 zephyr/libzephyr.a(ring_buffer.c.obj)
                0x0000955c                ring_buf_get_finish
 .text.ring_buf_get
                0x00009594       0x40 zephyr/libzephyr.a(ring_buffer.c.obj)
                0x00009594                ring_buf_get
 .text.atomic_or
                0x000095d4       0x1e zephyr/libzephyr.a(shell.c.obj)
 .text.atomic_and
                0x000095f2       0x1e zephyr/libzephyr.a(shell.c.obj)
 .text.kill_handler
                0x00009610       0x4a zephyr/libzephyr.a(shell.c.obj)
 .text.shell_signal_handle
                0x0000965a       0x2c zephyr/libzephyr.a(shell.c.obj)
 .text.k_mutex_unlock
                0x00009686        0x4 zephyr/libzephyr.a(shell.c.obj)
 .text.z_shell_strlen
                0x0000968a        0xc zephyr/libzephyr.a(shell.c.obj)
 .text.z_shell_raw_fprintf
                0x00009696       0x1a zephyr/libzephyr.a(shell.c.obj)
 .text.z_flag_history_exit_set.isra.0
                0x000096b0       0x20 zephyr/libzephyr.a(shell.c.obj)
 .text.z_flag_insert_mode_set.isra.0
                0x000096d0       0x20 zephyr/libzephyr.a(shell.c.obj)
 .text.transport_evt_handler
                0x000096f0       0x14 zephyr/libzephyr.a(shell.c.obj)
 .text.k_mutex_lock.constprop.0
                0x00009704        0x4 zephyr/libzephyr.a(shell.c.obj)
 .text.shell_vfprintf
                0x00009708       0x7a zephyr/libzephyr.a(shell.c.obj)
                0x00009708                shell_vfprintf
 .text.shell_fprintf
                0x00009782       0x1a zephyr/libzephyr.a(shell.c.obj)
                0x00009782                shell_fprintf
 .text.shell_hexdump
                0x0000979c       0x30 zephyr/libzephyr.a(shell.c.obj)
                0x0000979c                shell_hexdump
 .text.shell_set_bypass
                0x000097cc        0x6 zephyr/libzephyr.a(shell.c.obj)
                0x000097cc                shell_set_bypass
 .text.cmd_shell_stats_reset
                0x000097d2        0x8 zephyr/libzephyr.a(shell_cmds.c.obj)
 .text.z_shell_raw_fprintf
                0x000097da       0x1a zephyr/libzephyr.a(shell_cmds.c.obj)
 .text.cmd_echo_on
                0x000097f4       0x22 zephyr/libzephyr.a(shell_cmds.c.obj)
 .text.cmd_bacskpace_mode_backspace
                0x00009816       0x22 zephyr/libzephyr.a(shell_cmds.c.obj)
 .text.cmd_echo_off
                0x00009838       0x22 zephyr/libzephyr.a(shell_cmds.c.obj)
 .text.cmd_colors_off
                0x0000985a       0x22 zephyr/libzephyr.a(shell_cmds.c.obj)
 .text.cmd_bacskpace_mode_delete
                0x0000987c       0x22 zephyr/libzephyr.a(shell_cmds.c.obj)
 .text.cmd_colors_on
                0x0000989e       0x22 zephyr/libzephyr.a(shell_cmds.c.obj)
 .text.z_shell_fprintf_buffer_flush
                0x000098c0       0x18 zephyr/libzephyr.a(shell_fprintf.c.obj)
                0x000098c0                z_shell_fprintf_buffer_flush
 .text.out_func
                0x000098d8       0x38 zephyr/libzephyr.a(shell_fprintf.c.obj)
 .text.z_shell_raw_fprintf
                0x00009910       0x1a zephyr/libzephyr.a(shell_help.c.obj)
 .text.remove_from_tail.part.0
                0x0000992a       0x24 zephyr/libzephyr.a(shell_history.c.obj)
 .text.z_shell_history_mode_exit
                0x0000994e        0x6 zephyr/libzephyr.a(shell_history.c.obj)
                0x0000994e                z_shell_history_mode_exit
 .text.z_shell_history_get
                0x00009954       0x56 zephyr/libzephyr.a(shell_history.c.obj)
                0x00009954                z_shell_history_get
 .text.z_shell_history_purge
                0x000099aa       0x18 zephyr/libzephyr.a(shell_history.c.obj)
                0x000099aa                z_shell_history_purge
 .text.z_shell_history_put
                0x000099c2       0xd8 zephyr/libzephyr.a(shell_history.c.obj)
                0x000099c2                z_shell_history_put
 .text.z_shell_history_init
                0x00009a9a        0xc zephyr/libzephyr.a(shell_history.c.obj)
                0x00009a9a                z_shell_history_init
 .text.z_shell_raw_fprintf
                0x00009aa6       0x1a zephyr/libzephyr.a(shell_ops.c.obj)
 .text.full_line_cmd.isra.0
                0x00009ac0       0x28 zephyr/libzephyr.a(shell_ops.c.obj)
 .text.z_shell_cursor_in_empty_line
                0x00009ae8       0x28 zephyr/libzephyr.a(shell_ops.c.obj)
                0x00009ae8                z_shell_cursor_in_empty_line
 .text.z_shell_op_cursor_move
                0x00009b10       0x48 zephyr/libzephyr.a(shell_ops.c.obj)
                0x00009b10                z_shell_op_cursor_move
 .text.z_shell_op_cursor_word_move
                0x00009b58       0x74 zephyr/libzephyr.a(shell_ops.c.obj)
                0x00009b58                z_shell_op_cursor_word_move
 .text.z_shell_op_cursor_home_move
                0x00009bcc        0xc zephyr/libzephyr.a(shell_ops.c.obj)
                0x00009bcc                z_shell_op_cursor_home_move
 .text.z_shell_op_cursor_end_move
                0x00009bd8        0xe zephyr/libzephyr.a(shell_ops.c.obj)
                0x00009bd8                z_shell_op_cursor_end_move
 .text.z_shell_op_left_arrow
                0x00009be6       0x10 zephyr/libzephyr.a(shell_ops.c.obj)
                0x00009be6                z_shell_op_left_arrow
 .text.z_shell_op_right_arrow
                0x00009bf6       0x12 zephyr/libzephyr.a(shell_ops.c.obj)
                0x00009bf6                z_shell_op_right_arrow
 .text.z_shell_op_delete_from_cursor
                0x00009c08       0x12 zephyr/libzephyr.a(shell_ops.c.obj)
                0x00009c08                z_shell_op_delete_from_cursor
 .text.z_shell_cmd_line_erase
                0x00009c1a       0x34 zephyr/libzephyr.a(shell_ops.c.obj)
                0x00009c1a                z_shell_cmd_line_erase
 .text.z_shell_write
                0x00009c4e       0x8a zephyr/libzephyr.a(shell_ops.c.obj)
                0x00009c4e                z_shell_write
 .text.z_shell_print_stream
                0x00009cd8        0x4 zephyr/libzephyr.a(shell_ops.c.obj)
                0x00009cd8                z_shell_print_stream
 .text.z_shell_vfprintf
                0x00009cdc       0x50 zephyr/libzephyr.a(shell_ops.c.obj)
                0x00009cdc                z_shell_vfprintf
 .text.z_shell_fprintf
                0x00009d2c       0x1a zephyr/libzephyr.a(shell_ops.c.obj)
                0x00009d2c                z_shell_fprintf
 .text.data_insert
                0x00009d46       0x66 zephyr/libzephyr.a(shell_ops.c.obj)
 .text.z_shell_op_completion_insert
                0x00009dac        0x4 zephyr/libzephyr.a(shell_ops.c.obj)
                0x00009dac                z_shell_op_completion_insert
 .text.z_shell_op_char_delete
                0x00009db0       0x36 zephyr/libzephyr.a(shell_ops.c.obj)
                0x00009db0                z_shell_op_char_delete
 .text.z_shell_op_char_backspace
                0x00009de6       0x22 zephyr/libzephyr.a(shell_ops.c.obj)
                0x00009de6                z_shell_op_char_backspace
 .text.z_impl_uart_irq_tx_disable
                0x00009e08        0xa zephyr/libzephyr.a(shell_uart.c.obj)
 .text.read     0x00009e12       0x12 zephyr/libzephyr.a(shell_uart.c.obj)
 .text.write    0x00009e24       0x6c zephyr/libzephyr.a(shell_uart.c.obj)
 .text.uninit   0x00009e90       0x1c zephyr/libzephyr.a(shell_uart.c.obj)
 .text.enable   0x00009eac       0x14 zephyr/libzephyr.a(shell_uart.c.obj)
 .text.uart_callback
                0x00009ec0       0xde zephyr/libzephyr.a(shell_uart.c.obj)
 .text.isspace  0x00009f9e       0x14 zephyr/libzephyr.a(shell_utils.c.obj)
 .text.z_shell_strlen
                0x00009fb2        0xc zephyr/libzephyr.a(shell_utils.c.obj)
 .text.z_column_span_with_buffer_offsets_get
                0x00009fbe       0x1e zephyr/libzephyr.a(shell_utils.c.obj)
                0x00009fbe                z_column_span_with_buffer_offsets_get
 .text.z_row_span_with_buffer_offsets_get
                0x00009fdc       0x16 zephyr/libzephyr.a(shell_utils.c.obj)
                0x00009fdc                z_row_span_with_buffer_offsets_get
 .text.z_shell_multiline_data_calc
                0x00009ff2       0x2c zephyr/libzephyr.a(shell_utils.c.obj)
                0x00009ff2                z_shell_multiline_data_calc
 .text.z_shell_make_argv
                0x0000a01e      0x188 zephyr/libzephyr.a(shell_utils.c.obj)
                0x0000a01e                z_shell_make_argv
 .text.z_shell_pattern_remove
                0x0000a1a6       0x4e zephyr/libzephyr.a(shell_utils.c.obj)
                0x0000a1a6                z_shell_pattern_remove
 .text.z_shell_find_cmd
                0x0000a1f4       0x40 zephyr/libzephyr.a(shell_utils.c.obj)
                0x0000a1f4                z_shell_find_cmd
 .text.z_shell_get_last_command
                0x0000a234       0x5c zephyr/libzephyr.a(shell_utils.c.obj)
                0x0000a234                z_shell_get_last_command
 .text.z_shell_spaces_trim
                0x0000a290       0x6c zephyr/libzephyr.a(shell_utils.c.obj)
                0x0000a290                z_shell_spaces_trim
 .text.z_shell_cmd_trim
                0x0000a2fc       0x64 zephyr/libzephyr.a(shell_utils.c.obj)
                0x0000a2fc                z_shell_cmd_trim
 .text.shell_device_lookup
                0x0000a360       0x68 zephyr/libzephyr.a(shell_utils.c.obj)
                0x0000a360                shell_device_lookup
 .text.z_shell_has_wildcard
                0x0000a3c8       0x28 zephyr/libzephyr.a(shell_wildcard.c.obj)
                0x0000a3c8                z_shell_has_wildcard
 .text.z_shell_wildcard_prepare
                0x0000a3f0       0x4a zephyr/libzephyr.a(shell_wildcard.c.obj)
                0x0000a3f0                z_shell_wildcard_prepare
 .text.z_shell_wildcard_finalize
                0x0000a43a       0x1e zephyr/libzephyr.a(shell_wildcard.c.obj)
                0x0000a43a                z_shell_wildcard_finalize
 .text.z_thread_entry
                0x0000a458       0x14 zephyr/libzephyr.a(thread_entry.c.obj)
                0x0000a458                z_thread_entry
 .text.z_arm_fatal_error
                0x0000a46c        0x4 zephyr/arch/arch/arm/core/aarch32/libarch__arm__core__aarch32.a(fatal.c.obj)
                0x0000a46c                z_arm_fatal_error
 .text.z_do_kernel_oops
                0x0000a470        0x8 zephyr/arch/arch/arm/core/aarch32/libarch__arm__core__aarch32.a(fatal.c.obj)
                0x0000a470                z_do_kernel_oops
 .text.z_irq_spurious
                0x0000a478        0x8 zephyr/arch/arch/arm/core/aarch32/libarch__arm__core__aarch32.a(irq_manage.c.obj)
                0x0000a478                z_irq_spurious
 .text.z_arm_nmi
                0x0000a480        0xe zephyr/arch/arch/arm/core/aarch32/libarch__arm__core__aarch32.a(nmi.c.obj)
                0x0000a480                z_arm_nmi
 .text.atoi     0x0000a48e       0x4c zephyr/lib/libc/minimal/liblib__libc__minimal.a(atoi.c.obj)
                0x0000a48e                atoi
 .text.sprintf_out
                0x0000a4da       0x1a zephyr/lib/libc/minimal/liblib__libc__minimal.a(sprintf.c.obj)
 .text._stdout_hook_default
                0x0000a4f4        0x6 zephyr/lib/libc/minimal/liblib__libc__minimal.a(stdout_console.c.obj)
 .text.strcpy   0x0000a4fa       0x14 zephyr/lib/libc/minimal/liblib__libc__minimal.a(string.c.obj)
                0x0000a4fa                strcpy
 .text.strncpy  0x0000a50e       0x26 zephyr/lib/libc/minimal/liblib__libc__minimal.a(string.c.obj)
                0x0000a50e                strncpy
 .text.strchr   0x0000a534       0x1c zephyr/lib/libc/minimal/liblib__libc__minimal.a(string.c.obj)
                0x0000a534                strchr
 .text.strlen   0x0000a550        0xe zephyr/lib/libc/minimal/liblib__libc__minimal.a(string.c.obj)
                0x0000a550                strlen
 .text.strnlen  0x0000a55e       0x12 zephyr/lib/libc/minimal/liblib__libc__minimal.a(string.c.obj)
                0x0000a55e                strnlen
 .text.strcmp   0x0000a570       0x18 zephyr/lib/libc/minimal/liblib__libc__minimal.a(string.c.obj)
                0x0000a570                strcmp
 .text.strncmp  0x0000a588       0x1e zephyr/lib/libc/minimal/liblib__libc__minimal.a(string.c.obj)
                0x0000a588                strncmp
 .text.memcmp   0x0000a5a6       0x20 zephyr/lib/libc/minimal/liblib__libc__minimal.a(string.c.obj)
                0x0000a5a6                memcmp
 .text.memmove  0x0000a5c6       0x2e zephyr/lib/libc/minimal/liblib__libc__minimal.a(string.c.obj)
                0x0000a5c6                memmove
 .text.memcpy   0x0000a5f4       0x16 zephyr/lib/libc/minimal/liblib__libc__minimal.a(string.c.obj)
                0x0000a5f4                memcpy
 .text.memset   0x0000a60a       0x12 zephyr/lib/libc/minimal/liblib__libc__minimal.a(string.c.obj)
                0x0000a60a                memset
 .text.strstr   0x0000a61c       0x40 zephyr/lib/libc/minimal/liblib__libc__minimal.a(strstr.c.obj)
                0x0000a61c                strstr
 .text.strtol   0x0000a65c       0xec zephyr/lib/libc/minimal/liblib__libc__minimal.a(strtol.c.obj)
                0x0000a65c                strtol
 .text.strtoul  0x0000a748       0xf2 zephyr/lib/libc/minimal/liblib__libc__minimal.a(strtoul.c.obj)
                0x0000a748                strtoul
 .text.pm_power_state_set
                0x0000a83a       0x26 zephyr/soc/arm/nordic_nrf/nrf52/libsoc__arm__nordic_nrf__nrf52.a(power.c.obj)
                0x0000a83a                pm_power_state_set
 .text.pm_power_state_exit_post_ops
                0x0000a860       0x16 zephyr/soc/arm/nordic_nrf/nrf52/libsoc__arm__nordic_nrf__nrf52.a(power.c.obj)
                0x0000a860                pm_power_state_exit_post_ops
 .text.get_status
                0x0000a876       0x12 zephyr/drivers/clock_control/libdrivers__clock_control.a(clock_control_nrf.c.obj)
 .text.set_off_state
                0x0000a888       0x32 zephyr/drivers/clock_control/libdrivers__clock_control.a(clock_control_nrf.c.obj)
 .text.set_starting_state
                0x0000a8ba       0x3c zephyr/drivers/clock_control/libdrivers__clock_control.a(clock_control_nrf.c.obj)
 .text.set_on_state
                0x0000a8f6       0x26 zephyr/drivers/clock_control/libdrivers__clock_control.a(clock_control_nrf.c.obj)
 .text.onoff_started_callback
                0x0000a91c       0x12 zephyr/drivers/clock_control/libdrivers__clock_control.a(clock_control_nrf.c.obj)
 .text.lfclk_start
                0x0000a92e        0x6 zephyr/drivers/clock_control/libdrivers__clock_control.a(clock_control_nrf.c.obj)
 .text.lfclk_stop
                0x0000a934        0x6 zephyr/drivers/clock_control/libdrivers__clock_control.a(clock_control_nrf.c.obj)
 .text.blocking_start_callback
                0x0000a93a        0x6 zephyr/drivers/clock_control/libdrivers__clock_control.a(clock_control_nrf.c.obj)
 .text.api_stop
                0x0000a940       0x28 zephyr/drivers/clock_control/libdrivers__clock_control.a(clock_control_nrf.c.obj)
 .text.api_start
                0x0000a968       0x36 zephyr/drivers/clock_control/libdrivers__clock_control.a(clock_control_nrf.c.obj)
 .text.gpio_nrfx_port_get_raw
                0x0000a99e        0xe zephyr/drivers/gpio/libdrivers__gpio.a(gpio_nrfx.c.obj)
 .text.gpio_nrfx_port_set_masked_raw
                0x0000a9ac       0x16 zephyr/drivers/gpio/libdrivers__gpio.a(gpio_nrfx.c.obj)
 .text.gpio_nrfx_port_set_bits_raw
                0x0000a9c2        0xc zephyr/drivers/gpio/libdrivers__gpio.a(gpio_nrfx.c.obj)
 .text.gpio_nrfx_port_clear_bits_raw
                0x0000a9ce        0xc zephyr/drivers/gpio/libdrivers__gpio.a(gpio_nrfx.c.obj)
 .text.gpio_nrfx_port_toggle_bits
                0x0000a9da       0x12 zephyr/drivers/gpio/libdrivers__gpio.a(gpio_nrfx.c.obj)
 .text.gpio_nrfx_manage_callback
                0x0000a9ec       0x56 zephyr/drivers/gpio/libdrivers__gpio.a(gpio_nrfx.c.obj)
 .text.gpio_pin_set
                0x0000aa42       0x22 zephyr/drivers/gpio/libdrivers__gpio.a(gpio_shell.c.obj)
 .text.i2c_nrfx_twim_configure
                0x0000aa64       0x32 zephyr/drivers/i2c/libdrivers__i2c.a(i2c_nrfx_twim.c.obj)
 .text.bme280_reg_read.isra.0
                0x0000aa96        0xc zephyr/drivers/sensor/bme280/libdrivers__sensor__bme280.a(bme280.c.obj)
 .text.bme280_reg_write.isra.0
                0x0000aaa2        0x6 zephyr/drivers/sensor/bme280/libdrivers__sensor__bme280.a(bme280.c.obj)
 .text.bme280_wait_until_ready
                0x0000aaa8       0x32 zephyr/drivers/sensor/bme280/libdrivers__sensor__bme280.a(bme280.c.obj)
 .text.bme280_sample_fetch
                0x0000aada      0x28c zephyr/drivers/sensor/bme280/libdrivers__sensor__bme280.a(bme280.c.obj)
 .text.bme280_chip_init
                0x0000ad66      0x162 zephyr/drivers/sensor/bme280/libdrivers__sensor__bme280.a(bme280.c.obj)
 .text.bme280_bus_check_i2c
                0x0000aec8       0x14 zephyr/drivers/sensor/bme280/libdrivers__sensor__bme280.a(bme280_i2c.c.obj)
 .text.bme280_reg_read_i2c
                0x0000aedc       0x38 zephyr/drivers/sensor/bme280/libdrivers__sensor__bme280.a(bme280_i2c.c.obj)
 .text.bme280_reg_write_i2c
                0x0000af14       0x2a zephyr/drivers/sensor/bme280/libdrivers__sensor__bme280.a(bme280_i2c.c.obj)
 .text.uarte_nrfx_isr_int
                0x0000af3e       0xbc zephyr/drivers/serial/libdrivers__serial.a(uart_nrfx_uarte.c.obj)
 .text.uarte_nrfx_config_get
                0x0000affa       0x10 zephyr/drivers/serial/libdrivers__serial.a(uart_nrfx_uarte.c.obj)
 .text.uarte_nrfx_err_check
                0x0000b00a        0xe zephyr/drivers/serial/libdrivers__serial.a(uart_nrfx_uarte.c.obj)
 .text.is_tx_ready
                0x0000b018       0x20 zephyr/drivers/serial/libdrivers__serial.a(uart_nrfx_uarte.c.obj)
 .text.uarte_nrfx_poll_in
                0x0000b038       0x26 zephyr/drivers/serial/libdrivers__serial.a(uart_nrfx_uarte.c.obj)
 .text.uarte_nrfx_fifo_read
                0x0000b05e       0x2c zephyr/drivers/serial/libdrivers__serial.a(uart_nrfx_uarte.c.obj)
 .text.uarte_nrfx_irq_tx_enable
                0x0000b08a       0x2e zephyr/drivers/serial/libdrivers__serial.a(uart_nrfx_uarte.c.obj)
 .text.uarte_nrfx_irq_tx_disable
                0x0000b0b8        0xa zephyr/drivers/serial/libdrivers__serial.a(uart_nrfx_uarte.c.obj)
 .text.uarte_nrfx_irq_tx_ready_complete
                0x0000b0c2       0x2a zephyr/drivers/serial/libdrivers__serial.a(uart_nrfx_uarte.c.obj)
 .text.uarte_nrfx_irq_rx_ready
                0x0000b0ec       0x10 zephyr/drivers/serial/libdrivers__serial.a(uart_nrfx_uarte.c.obj)
 .text.uarte_nrfx_irq_rx_enable
                0x0000b0fc        0xc zephyr/drivers/serial/libdrivers__serial.a(uart_nrfx_uarte.c.obj)
 .text.uarte_nrfx_irq_rx_disable
                0x0000b108        0xc zephyr/drivers/serial/libdrivers__serial.a(uart_nrfx_uarte.c.obj)
 .text.uarte_nrfx_irq_err_enable
                0x0000b114        0xe zephyr/drivers/serial/libdrivers__serial.a(uart_nrfx_uarte.c.obj)
 .text.uarte_nrfx_irq_err_disable
                0x0000b122        0xe zephyr/drivers/serial/libdrivers__serial.a(uart_nrfx_uarte.c.obj)
 .text.uarte_nrfx_irq_update
                0x0000b130        0x4 zephyr/drivers/serial/libdrivers__serial.a(uart_nrfx_uarte.c.obj)
 .text.uarte_nrfx_irq_callback_set
                0x0000b134        0xa zephyr/drivers/serial/libdrivers__serial.a(uart_nrfx_uarte.c.obj)
 .text.tx_start
                0x0000b13e       0x38 zephyr/drivers/serial/libdrivers__serial.a(uart_nrfx_uarte.c.obj)
 .text.uarte_nrfx_fifo_fill
                0x0000b176       0x80 zephyr/drivers/serial/libdrivers__serial.a(uart_nrfx_uarte.c.obj)
 .text.uarte_nrfx_irq_is_pending
                0x0000b1f6       0x36 zephyr/drivers/serial/libdrivers__serial.a(uart_nrfx_uarte.c.obj)
 .text.uarte_0_init
                0x0000b22c       0x1e zephyr/drivers/serial/libdrivers__serial.a(uart_nrfx_uarte.c.obj)
 .text.uarte_1_init
                0x0000b24a       0x1e zephyr/drivers/serial/libdrivers__serial.a(uart_nrfx_uarte.c.obj)
 .text.sys_clock_cycle_get_32
                0x0000b268        0x8 zephyr/drivers/timer/libdrivers__timer.a(nrf_rtc_timer.c.obj)
                0x0000b268                sys_clock_cycle_get_32
 .text.sys_clock_idle_exit
                0x0000b270        0x2 zephyr/drivers/timer/libdrivers__timer.a(sys_clock_init.c.obj)
                0x0000b270                sys_clock_idle_exit
 .text.k_sys_fatal_error_handler
                0x0000b272        0x8 modules/nrf/lib/fatal_error/lib..__nrf__lib__fatal_error.a(fatal_error.c.obj)
                0x0000b272                k_sys_fatal_error_handler
 .text.hw_cc3xx_init_internal
                0x0000b27a        0x4 modules/nrf/drivers/hw_cc310/lib..__nrf__drivers__hw_cc310.a(hw_cc310.c.obj)
 .text.hw_cc3xx_init
                0x0000b27e       0x12 modules/nrf/drivers/hw_cc310/lib..__nrf__drivers__hw_cc310.a(hw_cc310.c.obj)
 .text.nrfx_clock_enable
                0x0000b290       0x14 modules/hal_nordic/nrfx/libmodules__hal_nordic__nrfx.a(nrfx_clock.c.obj)
                0x0000b290                nrfx_clock_enable
 .text.nrfx_isr
                0x0000b2a4        0x2 modules/hal_nordic/nrfx/libmodules__hal_nordic__nrfx.a(nrfx_glue.c.obj)
                0x0000b2a4                nrfx_isr
 .text.nrfx_busy_wait
                0x0000b2a6        0x4 modules/hal_nordic/nrfx/libmodules__hal_nordic__nrfx.a(nrfx_glue.c.obj)
                0x0000b2a6                nrfx_busy_wait
 .text.nrf_gpio_reconfigure
                0x0000b2aa       0x8e modules/hal_nordic/nrfx/libmodules__hal_nordic__nrfx.a(nrfx_gpiote.c.obj)
 .text.nrf_gpio_cfg_sense_set
                0x0000b338       0x1e modules/hal_nordic/nrfx/libmodules__hal_nordic__nrfx.a(nrfx_gpiote.c.obj)
 .text.nrf_gpio_pin_set
                0x0000b356       0x1a modules/hal_nordic/nrfx/libmodules__hal_nordic__nrfx.a(nrfx_twi_twim.c.obj)
 .text.xfer_completeness_check
                0x0000b370       0x60 modules/hal_nordic/nrfx/libmodules__hal_nordic__nrfx.a(nrfx_twim.c.obj)
 .text.SEGGER_RTT_Init
                0x0000b3d0        0x4 modules/segger/libmodules__segger.a(SEGGER_RTT.c.obj)
                0x0000b3d0                SEGGER_RTT_Init
 .text.rtt_init
                0x0000b3d4        0xa modules/segger/libmodules__segger.a(SEGGER_RTT_zephyr.c.obj)
 .text.z_device_state_init
                0x0000b3de        0x2 zephyr/kernel/libkernel.a(device.c.obj)
                0x0000b3de                z_device_state_init
 .text.z_device_ready
                0x0000b3e0       0x14 zephyr/kernel/libkernel.a(device.c.obj)
                0x0000b3e0                z_device_ready
 .text.device_required_foreach
                0x0000b3f4       0x30 zephyr/kernel/libkernel.a(device.c.obj)
                0x0000b3f4                device_required_foreach
 .text.z_fatal_error
                0x0000b424       0x36 zephyr/kernel/libkernel.a(fatal.c.obj)
                0x0000b424                z_fatal_error
 .text.z_pm_save_idle_exit
                0x0000b45a        0xe zephyr/kernel/libkernel.a(idle.c.obj)
                0x0000b45a                z_pm_save_idle_exit
 .text.k_mem_slab_init
                0x0000b468       0x36 zephyr/kernel/libkernel.a(mem_slab.c.obj)
                0x0000b468                k_mem_slab_init
 .text.k_mem_slab_free
                0x0000b49e       0x54 zephyr/kernel/libkernel.a(mem_slab.c.obj)
                0x0000b49e                k_mem_slab_free
 .text.z_impl_k_mutex_init
                0x0000b4f2        0xe zephyr/kernel/libkernel.a(mutex.c.obj)
                0x0000b4f2                z_impl_k_mutex_init
 .text.clear_event_registrations
                0x0000b500       0x5a zephyr/kernel/libkernel.a(poll.c.obj)
 .text.add_event
                0x0000b55a       0x6a zephyr/kernel/libkernel.a(poll.c.obj)
 .text.register_events
                0x0000b5c4       0xee zephyr/kernel/libkernel.a(poll.c.obj)
 .text.signal_poll_event
                0x0000b6b2       0xb8 zephyr/kernel/libkernel.a(poll.c.obj)
 .text.k_poll_event_init
                0x0000b76a       0x1e zephyr/kernel/libkernel.a(poll.c.obj)
                0x0000b76a                k_poll_event_init
 .text.z_handle_obj_poll_events
                0x0000b788       0x1c zephyr/kernel/libkernel.a(poll.c.obj)
                0x0000b788                z_handle_obj_poll_events
 .text.z_impl_k_poll_signal_init
                0x0000b7a4        0xa zephyr/kernel/libkernel.a(poll.c.obj)
                0x0000b7a4                z_impl_k_poll_signal_init
 .text.z_impl_k_poll_signal_reset
                0x0000b7ae        0x6 zephyr/kernel/libkernel.a(poll.c.obj)
                0x0000b7ae                z_impl_k_poll_signal_reset
 .text.z_impl_k_poll_signal_check
                0x0000b7b4        0xa zephyr/kernel/libkernel.a(poll.c.obj)
                0x0000b7b4                z_impl_k_poll_signal_check
 .text.sys_dlist_remove
                0x0000b7be       0x10 zephyr/kernel/libkernel.a(sched.c.obj)
 .text.unpend_thread_no_timeout
                0x0000b7ce       0x14 zephyr/kernel/libkernel.a(sched.c.obj)
 .text.z_sched_prio_cmp
                0x0000b7e2       0x12 zephyr/kernel/libkernel.a(sched.c.obj)
                0x0000b7e2                z_sched_prio_cmp
 .text.z_unpend_thread
                0x0000b7f4       0x28 zephyr/kernel/libkernel.a(sched.c.obj)
                0x0000b7f4                z_unpend_thread
 .text.z_reschedule_irqlock
                0x0000b81c       0x18 zephyr/kernel/libkernel.a(sched.c.obj)
                0x0000b81c                z_reschedule_irqlock
 .text.z_reschedule_unlocked
                0x0000b834       0x14 zephyr/kernel/libkernel.a(sched.c.obj)
 .text.z_priq_dumb_best
                0x0000b848       0x14 zephyr/kernel/libkernel.a(sched.c.obj)
                0x0000b848                z_priq_dumb_best
 .text.z_ready_thread
                0x0000b85c       0x20 zephyr/kernel/libkernel.a(sched.c.obj)
                0x0000b85c                z_ready_thread
 .text.z_thread_timeout
                0x0000b87c       0x44 zephyr/kernel/libkernel.a(sched.c.obj)
                0x0000b87c                z_thread_timeout
 .text.add_to_waitq_locked
                0x0000b8c0       0x5a zephyr/kernel/libkernel.a(sched.c.obj)
 .text.z_unpend_first_thread
                0x0000b91a       0x30 zephyr/kernel/libkernel.a(sched.c.obj)
                0x0000b91a                z_unpend_first_thread
 .text.z_sched_wake
                0x0000b94a       0x3c zephyr/kernel/libkernel.a(sched.c.obj)
                0x0000b94a                z_sched_wake
 .text.k_is_in_isr
                0x0000b986        0xc zephyr/kernel/libkernel.a(thread.c.obj)
                0x0000b986                k_is_in_isr
 .text.k_thread_name_get
                0x0000b992        0x4 zephyr/kernel/libkernel.a(thread.c.obj)
                0x0000b992                k_thread_name_get
 .text.z_impl_k_thread_start
                0x0000b996        0x4 zephyr/kernel/libkernel.a(thread.c.obj)
                0x0000b996                z_impl_k_thread_start
 .text.z_impl_k_thread_stack_space_get
                0x0000b99a       0x1c zephyr/kernel/libkernel.a(thread.c.obj)
                0x0000b99a                z_impl_k_thread_stack_space_get
 .text.z_abort_timeout
                0x0000b9b6       0x2c zephyr/kernel/libkernel.a(timeout.c.obj)
                0x0000b9b6                z_abort_timeout
 .text.z_get_next_timeout_expiry
                0x0000b9e2       0x20 zephyr/kernel/libkernel.a(timeout.c.obj)
                0x0000b9e2                z_get_next_timeout_expiry
 .text.z_set_timeout_expiry
                0x0000ba02       0x34 zephyr/kernel/libkernel.a(timeout.c.obj)
                0x0000ba02                z_set_timeout_expiry
 .text.sys_clock_tick_get_32
                0x0000ba36        0x8 zephyr/kernel/libkernel.a(timeout.c.obj)
                0x0000ba36                sys_clock_tick_get_32
 .text.z_impl_k_uptime_ticks
                0x0000ba3e        0x4 zephyr/kernel/libkernel.a(timeout.c.obj)
                0x0000ba3e                z_impl_k_uptime_ticks
 .text.z_impl_k_busy_wait
                0x0000ba42        0x8 zephyr/kernel/libkernel.a(timeout.c.obj)
                0x0000ba42                z_impl_k_busy_wait
 .text.notify_queue_locked
                0x0000ba4a        0xe zephyr/kernel/libkernel.a(work.c.obj)
 .text.k_work_submit_to_queue
                0x0000ba58       0x3a zephyr/kernel/libkernel.a(work.c.obj)
                0x0000ba58                k_work_submit_to_queue
 .text._OffsetAbsSyms
                0x0000ba92        0x2 zephyr/CMakeFiles/offsets.dir/./arch/arm/core/offsets/offsets.c.obj
                0x0000ba92                _OffsetAbsSyms
 *(SORT_BY_ALIGNMENT(.TEXT.*))
 .TEXT.z_arm_platform_init
                0x0000ba94        0x4 zephyr/libzephyr.a(soc_nrf_common.S.obj)
                0x0000ba94                z_arm_platform_init
 *(SORT_BY_ALIGNMENT(.gnu.linkonce.t.*))
 *(SORT_BY_ALIGNMENT(.glue_7t))
 .glue_7t       0x0000ba98        0x0 linker stubs
 *(SORT_BY_ALIGNMENT(.glue_7))
 .glue_7        0x0000ba98        0x0 linker stubs
 *(SORT_BY_ALIGNMENT(.vfp11_veneer))
 .vfp11_veneer  0x0000ba98        0x0 linker stubs
 *(SORT_BY_ALIGNMENT(.v4_bx))
 .v4_bx         0x0000ba98        0x0 linker stubs
                0x0000ba98                __text_region_end = .

.ARM.exidx      0x0000ba98        0x8
                0x0000ba98                __exidx_start = .
 *(SORT_BY_ALIGNMENT(.ARM.exidx*) SORT_BY_ALIGNMENT(gnu.linkonce.armexidx.*))
 .ARM.exidx     0x0000ba98        0x8 c:/sourcecode_root/v1.9.1/toolchain/opt/bin/../lib/gcc/arm-none-eabi/9.2.1/thumb/v7e-m/nofp\libgcc.a(_udivmoddi4.o)
                0x0000baa0                __exidx_end = .
                0x0000baa0                __rodata_region_start = .

initlevel       0x0000baa0       0x80
                0x0000baa0                __init_start = .
                0x0000baa0                __init_PRE_KERNEL_1_start = .
 *(SORT_BY_NAME(SORT_BY_ALIGNMENT(.z_init_PRE_KERNEL_1[0-9]_*)))
 .z_init_PRE_KERNEL_10_
                0x0000baa0        0x8 zephyr/soc/arm/nordic_nrf/nrf52/libsoc__arm__nordic_nrf__nrf52.a(soc.c.obj)
 *(SORT_BY_NAME(SORT_BY_ALIGNMENT(.z_init_PRE_KERNEL_1[1-9][0-9]_*)))
 .z_init_PRE_KERNEL_130_
                0x0000baa8        0x8 zephyr/drivers/clock_control/libdrivers__clock_control.a(clock_control_nrf.c.obj)
 .z_init_PRE_KERNEL_130_
                0x0000bab0        0x8 modules/segger/libmodules__segger.a(SEGGER_RTT_zephyr.c.obj)
 .z_init_PRE_KERNEL_130_
                0x0000bab8        0x8 zephyr/kernel/libkernel.a(mem_slab.c.obj)
 .z_init_PRE_KERNEL_140_
                0x0000bac0       0x10 zephyr/drivers/gpio/libdrivers__gpio.a(gpio_nrfx.c.obj)
 .z_init_PRE_KERNEL_140_
                0x0000bad0        0x8 modules/nrf/drivers/hw_cc310/lib..__nrf__drivers__hw_cc310.a(hw_cc310.c.obj)
 .z_init_PRE_KERNEL_155_
                0x0000bad8       0x10 zephyr/drivers/serial/libdrivers__serial.a(uart_nrfx_uarte.c.obj)
 .z_init_PRE_KERNEL_160_
                0x0000bae8        0x8 zephyr/drivers/console/libdrivers__console.a(uart_console.c.obj)
                0x0000baf0                __init_PRE_KERNEL_2_start = .
 *(SORT_BY_NAME(SORT_BY_ALIGNMENT(.z_init_PRE_KERNEL_2[0-9]_*)))
 .z_init_PRE_KERNEL_20_
                0x0000baf0        0x8 zephyr/drivers/timer/libdrivers__timer.a(nrf_rtc_timer.c.obj)
 *(SORT_BY_NAME(SORT_BY_ALIGNMENT(.z_init_PRE_KERNEL_2[1-9][0-9]_*)))
                0x0000baf8                __init_POST_KERNEL_start = .
 *(SORT_BY_NAME(SORT_BY_ALIGNMENT(.z_init_POST_KERNEL[0-9]_*)))
 .z_init_POST_KERNEL0_
                0x0000baf8        0x8 zephyr/libzephyr.a(shell_uart.c.obj)
 *(SORT_BY_NAME(SORT_BY_ALIGNMENT(.z_init_POST_KERNEL[1-9][0-9]_*)))
 .z_init_POST_KERNEL40_
                0x0000bb00        0x8 modules/nrf/drivers/hw_cc310/lib..__nrf__drivers__hw_cc310.a(hw_cc310.c.obj)
 .z_init_POST_KERNEL40_
                0x0000bb08        0x8 zephyr/kernel/libkernel.a(system_work_q.c.obj)
 .z_init_POST_KERNEL60_
                0x0000bb10        0x8 zephyr/drivers/i2c/libdrivers__i2c.a(i2c_nrfx_twim.c.obj)
 .z_init_POST_KERNEL90_
                0x0000bb18        0x8 zephyr/drivers/sensor/bme280/libdrivers__sensor__bme280.a(bme280.c.obj)
                0x0000bb20                __init_APPLICATION_start = .
 *(SORT_BY_NAME(SORT_BY_ALIGNMENT(.z_init_APPLICATION[0-9]_*)))
 *(SORT_BY_NAME(SORT_BY_ALIGNMENT(.z_init_APPLICATION[1-9][0-9]_*)))
                0x0000bb20                __init_SMP_start = .
 *(SORT_BY_NAME(SORT_BY_ALIGNMENT(.z_init_SMP[0-9]_*)))
 *(SORT_BY_NAME(SORT_BY_ALIGNMENT(.z_init_SMP[1-9][0-9]_*)))
                0x0000bb20                __init_end = .

devices         0x0000bb20       0xa8
                0x0000bb20                __device_start = .
                0x0000bb20                __device_PRE_KERNEL_1_start = .
 *(SORT_BY_NAME(SORT_BY_ALIGNMENT(.z_device_PRE_KERNEL_1[0-9]_*)))
 *(SORT_BY_NAME(SORT_BY_ALIGNMENT(.z_device_PRE_KERNEL_1[1-9][0-9]_*)))
 .z_device_PRE_KERNEL_130_
                0x0000bb20       0x18 zephyr/drivers/clock_control/libdrivers__clock_control.a(clock_control_nrf.c.obj)
                0x0000bb20                __device_dts_ord_27
 .z_device_PRE_KERNEL_140_
                0x0000bb38       0x30 zephyr/drivers/gpio/libdrivers__gpio.a(gpio_nrfx.c.obj)
                0x0000bb38                __device_dts_ord_11
                0x0000bb50                __device_dts_ord_53
 .z_device_PRE_KERNEL_155_
                0x0000bb68       0x30 zephyr/drivers/serial/libdrivers__serial.a(uart_nrfx_uarte.c.obj)
                0x0000bb68                __device_dts_ord_62
                0x0000bb80                __device_dts_ord_61
                0x0000bb98                __device_PRE_KERNEL_2_start = .
 *(SORT_BY_NAME(SORT_BY_ALIGNMENT(.z_device_PRE_KERNEL_2[0-9]_*)))
 *(SORT_BY_NAME(SORT_BY_ALIGNMENT(.z_device_PRE_KERNEL_2[1-9][0-9]_*)))
                0x0000bb98                __device_POST_KERNEL_start = .
 *(SORT_BY_NAME(SORT_BY_ALIGNMENT(.z_device_POST_KERNEL[0-9]_*)))
 *(SORT_BY_NAME(SORT_BY_ALIGNMENT(.z_device_POST_KERNEL[1-9][0-9]_*)))
 .z_device_POST_KERNEL60_
                0x0000bb98       0x18 zephyr/drivers/i2c/libdrivers__i2c.a(i2c_nrfx_twim.c.obj)
                0x0000bb98                __device_dts_ord_76
 .z_device_POST_KERNEL90_
                0x0000bbb0       0x18 zephyr/drivers/sensor/bme280/libdrivers__sensor__bme280.a(bme280.c.obj)
                0x0000bbb0                __device_dts_ord_77
                0x0000bbc8                __device_APPLICATION_start = .
 *(SORT_BY_NAME(SORT_BY_ALIGNMENT(.z_device_APPLICATION[0-9]_*)))
 *(SORT_BY_NAME(SORT_BY_ALIGNMENT(.z_device_APPLICATION[1-9][0-9]_*)))
                0x0000bbc8                __device_SMP_start = .
 *(SORT_BY_NAME(SORT_BY_ALIGNMENT(.z_device_SMP[0-9]_*)))
 *(SORT_BY_NAME(SORT_BY_ALIGNMENT(.z_device_SMP[1-9][0-9]_*)))
                0x0000bbc8                __device_end = .

sw_isr_table    0x0000bbc8      0x180
                0x0000bbc8                . = ALIGN (0x0)
 *(SORT_BY_ALIGNMENT(.gnu.linkonce.sw_isr_table*))
 .gnu.linkonce.sw_isr_table
                0x0000bbc8      0x180 zephyr/CMakeFiles/zephyr_final.dir/isr_tables.c.obj
                0x0000bbc8                _sw_isr_table

initlevel_error
                0x0000baa0        0x0
 *(SORT_BY_NAME(SORT_BY_ALIGNMENT(.z_init_[_A-Z0-9]*)))
                0x00000001                ASSERT ((SIZEOF (initlevel_error) == 0x0), Undefined initialization levels used.)

app_shmem_regions
                0x0000bd48        0x0
                0x0000bd48                __app_shmem_regions_start = .
 *(SORT_BY_NAME(SORT_BY_ALIGNMENT(.app_regions.*)))
                0x0000bd48                __app_shmem_regions_end = .

bt_l2cap_fixed_chan_area
                0x0000bd48        0x0
                0x0000bd48                _bt_l2cap_fixed_chan_list_start = .
 *(SORT_BY_NAME(SORT_BY_ALIGNMENT(._bt_l2cap_fixed_chan.static.*)))
                0x0000bd48                _bt_l2cap_fixed_chan_list_end = .

bt_gatt_service_static_area
                0x0000bd48        0x0
                0x0000bd48                _bt_gatt_service_static_list_start = .
 *(SORT_BY_NAME(SORT_BY_ALIGNMENT(._bt_gatt_service_static.static.*)))
                0x0000bd48                _bt_gatt_service_static_list_end = .

k_p4wq_initparam_area
                0x0000bd48        0x0
                0x0000bd48                _k_p4wq_initparam_list_start = .
 *(SORT_BY_NAME(SORT_BY_ALIGNMENT(._k_p4wq_initparam.static.*)))
                0x0000bd48                _k_p4wq_initparam_list_end = .

log_strings_sections
                0x0000bd48        0x0
                0x0000bd48                __log_strings_start = .
 *(SORT_BY_NAME(SORT_BY_ALIGNMENT(.log_strings*)))
                0x0000bd48                __log_strings_end = .

log_const_sections
                0x0000bd48        0x0
                0x0000bd48                __log_const_start = .
 *(SORT_BY_NAME(SORT_BY_ALIGNMENT(.log_const_*)))
                0x0000bd48                __log_const_end = .

log_backends_sections
                0x0000bd48        0x0
                0x0000bd48                __log_backends_start = .
 *(SORT_BY_ALIGNMENT(._log_backend.*))
                0x0000bd48                __log_backends_end = .

shell_area      0x0000bd48       0x2c
                0x0000bd48                _shell_list_start = .
 *(SORT_BY_NAME(SORT_BY_ALIGNMENT(._shell.static.*)))
 ._shell.static.shell_uart
                0x0000bd48       0x2c zephyr/libzephyr.a(shell_uart.c.obj)
                0x0000bd74                _shell_list_end = .

shell_root_cmds_sections
                0x0000bd74       0x60
                0x0000bd74                __shell_root_cmds_start = .
 *(SORT_BY_NAME(SORT_BY_ALIGNMENT(.shell_root_cmd_*)))
 .shell_root_cmd_clear
                0x0000bd74        0x8 zephyr/libzephyr.a(shell_cmds.c.obj)
 .shell_root_cmd_device
                0x0000bd7c        0x8 zephyr/libzephyr.a(device_service.c.obj)
 .shell_root_cmd_devmem
                0x0000bd84        0x8 zephyr/libzephyr.a(devmem_service.c.obj)
 .shell_root_cmd_gpio
                0x0000bd8c        0x8 zephyr/drivers/gpio/libdrivers__gpio.a(gpio_shell.c.obj)
 .shell_root_cmd_help
                0x0000bd94        0x8 zephyr/libzephyr.a(shell.c.obj)
 .shell_root_cmd_history
                0x0000bd9c        0x8 zephyr/libzephyr.a(shell_cmds.c.obj)
 .shell_root_cmd_i2c
                0x0000bda4        0x8 zephyr/drivers/i2c/libdrivers__i2c.a(i2c_shell.c.obj)
 .shell_root_cmd_kernel
                0x0000bdac        0x8 zephyr/libzephyr.a(kernel_service.c.obj)
 .shell_root_cmd_nrf_clock_control
                0x0000bdb4        0x8 zephyr/drivers/clock_control/libdrivers__clock_control.a(clock_control_nrf.c.obj)
 .shell_root_cmd_resize
                0x0000bdbc        0x8 zephyr/libzephyr.a(shell_cmds.c.obj)
 .shell_root_cmd_sensor
                0x0000bdc4        0x8 zephyr/drivers/sensor/libdrivers__sensor.a(sensor_shell.c.obj)
 .shell_root_cmd_shell
                0x0000bdcc        0x8 zephyr/libzephyr.a(shell_cmds.c.obj)
                0x0000bdd4                __shell_root_cmds_end = .

font_entry_sections
                0x0000bdd4        0x0
                0x0000bdd4                __font_entry_start = .
 *(SORT_BY_NAME(SORT_BY_ALIGNMENT(._cfb_font.*)))
                0x0000bdd4                __font_entry_end = .

tracing_backend_area
                0x0000bdd4        0x0
                0x0000bdd4                _tracing_backend_list_start = .
 *(SORT_BY_NAME(SORT_BY_ALIGNMENT(._tracing_backend.static.*)))
                0x0000bdd4                _tracing_backend_list_end = .

zephyr_dbg_info
 *(SORT_BY_ALIGNMENT(.dbg_thread_info))

device_handles  0x0000bdd4       0x2e
                0x0000bdd4                __device_handles_start = .
 *(SORT_BY_NAME(SORT_BY_ALIGNMENT(.__device_handles_pass2*)))
 .__device_handles_pass2
                0x0000bdd4       0x2e zephyr/CMakeFiles/zephyr_final.dir/dev_handles.c.obj